i2c-uclass.c:45:12:i2c_setup_offset	8	static
i2c-uclass.c:20:6:i2c_dump_msgs	32	static
i2c-uclass.c:117:5:dm_i2c_read	80	static
i2c-uclass.c:147:5:dm_i2c_write	64	dynamic
i2c-uclass.c:203:5:dm_i2c_xfer	16	static
i2c-uclass.c:214:5:dm_i2c_reg_read	16	static
i2c-uclass.c:226:5:dm_i2c_reg_write	16	static
i2c-uclass.c:307:5:i2c_get_chip	64	static
i2c-uclass.c:332:5:i2c_get_chip_for_busnum	24	static
i2c-uclass.c:353:5:dm_i2c_probe	40	static
i2c-uclass.c:374:5:dm_i2c_set_bus_speed	24	static
i2c-uclass.c:488:12:i2c_post_probe	24	static
i2c-uclass.c:395:5:dm_i2c_get_bus_speed	16	static
i2c-uclass.c:406:5:i2c_set_chip_flags	24	static
i2c-uclass.c:423:5:i2c_get_chip_flags	8	static
i2c-uclass.c:432:5:i2c_set_chip_offset_len	8	static
i2c-uclass.c:443:5:i2c_get_chip_offset_len	8	static
i2c-uclass.c:450:5:i2c_deblock	0	static
i2c-uclass.c:469:5:i2c_chip_ofdata_to_platdata	16	static
i2c-uclass.c:507:12:i2c_child_post_bind	8	static
