ns16550.c:94:13:ns16550_writeb.isra.0	0	static
ns16550.c:148:13:NS16550_setbrg	16	static
ns16550.c:466:12:ns16550_serial_setbrg	16	static
ns16550.c:109:12:ns16550_readb.isra.1	0	static
ns16550.c:479:12:ns16550_serial_clear	8	static
ns16550.c:446:12:ns16550_serial_pending	8	static
ns16550.c:419:12:ns16550_serial_putc	16	static
ns16550.c:456:12:ns16550_serial_getc	8	static
ns16550.c:141:5:ns16550_calc_divisor	8	static
ns16550.c:156:6:NS16550_init	16	static
ns16550.c:194:6:NS16550_reinit	16	static
ns16550.c:204:6:NS16550_putc	8	static
ns16550.c:221:6:NS16550_getc	8	static
ns16550.c:233:5:NS16550_tstc	8	static
ns16550.c:378:1:printch	0	static
ns16550.c:378:1:debug_uart_getc	0	static
ns16550.c:378:1:debug_uart_tstc	0	static
ns16550.c:378:1:debug_uart_clrc	0	static
ns16550.c:378:1:debug_uart_setbrg	8	static
ns16550.c:378:1:printascii	16	static
ns16550.c:378:1:printhex2	16	static
ns16550.c:378:1:printhex4	16	static
ns16550.c:378:1:printhex8	16	static
ns16550.c:378:1:printdec	16	static
ns16550.c:378:1:debug_uart_init	16	static
ns16550.c:496:5:ns16550_serial_probe	16	static
