xhci.c:264:21:xhci_microframes_to_exponent	8	static
xhci.c:1471:12:xhci_get_max_xfer_size	0	static
xhci.c:142:12:handshake	24	static
xhci.c:195:12:xhci_reset	16	static
xhci.c:1383:12:xhci_submit_bulk_msg	8	static
xhci.c:1390:12:xhci_submit_int_msg	8	static
xhci.c:116:19:xhci_get_ctrl	8	static
xhci.c:450:12:xhci_configure_endpoints	32	static
xhci.c:1405:12:xhci_update_hub_device	32	static
xhci.c:1399:12:xhci_alloc_device	24	static
xhci.c:1350:12:xhci_submit_control_msg	88	static
xhci.c:761:5:xhci_check_maxpacket	24	static
xhci.c:1485:5:xhci_register	24	static
xhci.c:1522:5:xhci_deregister	8	static
