pinctrl-rockchip.c:826:13:rockchip_get_recalced_mux	24	static
pinctrl-rockchip.c:1767:13:px30_calc_pull_reg_and_bit	12	static
pinctrl-rockchip.c:1797:13:px30_calc_drv_reg_and_bit	12	static
pinctrl-rockchip.c:1827:12:px30_calc_schmitt_reg_and_bit	16	static
pinctrl-rockchip.c:1857:13:rv1108_calc_pull_reg_and_bit	12	static
pinctrl-rockchip.c:1886:13:rv1108_calc_drv_reg_and_bit	12	static
pinctrl-rockchip.c:1916:12:rv1108_calc_schmitt_reg_and_bit	16	static
pinctrl-rockchip.c:1947:13:rv1126_calc_pull_reg_and_bit	20	static
pinctrl-rockchip.c:1982:13:rv1126_calc_drv_reg_and_bit	20	static
pinctrl-rockchip.c:2018:12:rv1126_calc_schmitt_reg_and_bit	20	static
pinctrl-rockchip.c:2055:13:rk1808_calc_pull_reg_and_bit	8	static
pinctrl-rockchip.c:2081:13:rk1808_calc_drv_reg_and_bit	8	static
pinctrl-rockchip.c:2106:12:rk1808_calc_schmitt_reg_and_bit	12	static
pinctrl-rockchip.c:2147:13:rk3128_calc_pull_reg_and_bit	8	static
pinctrl-rockchip.c:2131:13:rk2928_calc_pull_reg_and_bit	0	static
pinctrl-rockchip.c:2167:13:rk3188_calc_pull_reg_and_bit	20	static
pinctrl-rockchip.c:2201:13:rk3288_calc_pull_reg_and_bit	20	static
pinctrl-rockchip.c:2235:13:rk3288_calc_drv_reg_and_bit	20	static
pinctrl-rockchip.c:2282:13:rk3228_calc_drv_reg_and_bit	8	static
pinctrl-rockchip.c:2299:13:rk3308_calc_pull_reg_and_bit	8	static
pinctrl-rockchip.c:2316:13:rk3308_calc_drv_reg_and_bit	8	static
pinctrl-rockchip.c:2265:13:rk3228_calc_pull_reg_and_bit	0	static
pinctrl-rockchip.c:2335:12:rk3308_calc_schmitt_reg_and_bit	8	static
pinctrl-rockchip.c:2355:13:rk3368_calc_pull_reg_and_bit	20	static
pinctrl-rockchip.c:2386:13:rk3368_calc_drv_reg_and_bit	20	static
pinctrl-rockchip.c:2418:13:rk3399_calc_pull_reg_and_bit	16	static
pinctrl-rockchip.c:2448:13:rk3399_calc_drv_reg_and_bit	20	static
pinctrl-rockchip.c:2672:12:rk3328_calc_schmitt_reg_and_bit	8	static
pinctrl-rockchip.c:2718:12:px30_calc_slew_rate_reg_and_bit	16	static
pinctrl-rockchip.c:2981:12:rockchip_pinctrl_get_pins_count	8	static
pinctrl-rockchip.c:1637:12:rockchip_pinctrl_get_gpio_mux	48	static
pinctrl-rockchip.c:2593:12:rockchip_set_pull	48	static
pinctrl-rockchip.c:3162:12:rockchip_pinctrl_probe	64	static
pinctrl-rockchip.c:2891:12:rockchip_pinctrl_set_state	576	static
