Archive member included to satisfy reference by file (symbol)

arch/arm/lib/lib.a(ashldi3.o)
                              lib/built-in.o (__aeabi_llsl)
arch/arm/lib/lib.a(lib1funcs.o)
                              arch/arm/mach-rockchip/built-in.o (__aeabi_uidiv)
arch/arm/lib/lib.a(lshrdi3.o)
                              lib/built-in.o (__aeabi_llsr)
arch/arm/lib/lib.a(uldivmod.o)
                              arch/arm/lib/built-in.o (__aeabi_uldivmod)
arch/arm/lib/lib.a(div0.o)    arch/arm/lib/lib.a(lib1funcs.o) (__div0)

Discarded input sections

 .data          0x0000000000000000        0x0 arch/arm/cpu/armv7/start.o
 .bss           0x0000000000000000        0x0 arch/arm/cpu/armv7/start.o
 .text          0x0000000000000000        0x0 arch/arm/mach-rockchip/built-in.o
 .text.rockchip_get_boot_mode
                0x0000000000000000      0x148 arch/arm/mach-rockchip/built-in.o
 .text.param_parse_ddr_mem
                0x0000000000000000      0x140 arch/arm/mach-rockchip/built-in.o
 .text.rockchip_sdram_size
                0x0000000000000000      0x15e arch/arm/mach-rockchip/built-in.o
 .text.get_page_size
                0x0000000000000000       0x10 arch/arm/mach-rockchip/built-in.o
 .text.get_ddr_bw
                0x0000000000000000       0x10 arch/arm/mach-rockchip/built-in.o
 .text.dram_init_banksize
                0x0000000000000000        0xa arch/arm/mach-rockchip/built-in.o
 .text.dram_init
                0x0000000000000000       0x1a arch/arm/mach-rockchip/built-in.o
 .text.board_get_usable_ram_top
                0x0000000000000000       0x14 arch/arm/mach-rockchip/built-in.o
 .text.rockchip_setup_ddr_param
                0x0000000000000000       0x26 arch/arm/mach-rockchip/built-in.o
 .text.rockchip_get_cru
                0x0000000000000000       0x18 arch/arm/mach-rockchip/built-in.o
 .text.back_to_bootrom
                0x0000000000000000       0x1c arch/arm/mach-rockchip/built-in.o
 .text.board_return_to_bootrom
                0x0000000000000000        0x6 arch/arm/mach-rockchip/built-in.o
 .text.atags_is_available
                0x0000000000000000       0x14 arch/arm/mach-rockchip/built-in.o
 .text.get_bootdev_by_brom_bootsource
                0x0000000000000000       0x20 arch/arm/mach-rockchip/built-in.o
 .text.atags_set_bootdev_by_brom_bootsource
                0x0000000000000000       0x28 arch/arm/mach-rockchip/built-in.o
 .text.get_bootdev_by_spl_bootdevice
                0x0000000000000000       0x14 arch/arm/mach-rockchip/built-in.o
 .text.atags_set_pub_key
                0x0000000000000000       0x40 arch/arm/mach-rockchip/built-in.o
 .text.atags_destroy
                0x0000000000000000       0x1c arch/arm/mach-rockchip/built-in.o
 .rodata.rockchip_get_boot_mode.str1.1
                0x0000000000000000      0x107 arch/arm/mach-rockchip/built-in.o
 .rodata.param_parse_ddr_mem.str1.1
                0x0000000000000000       0x1a arch/arm/mach-rockchip/built-in.o
 .rodata.get_page_size.str1.1
                0x0000000000000000       0x2b arch/arm/mach-rockchip/built-in.o
 .rodata.back_to_bootrom.str1.1
                0x0000000000000000       0x1a arch/arm/mach-rockchip/built-in.o
 .rodata.bootdev_map
                0x0000000000000000       0x2c arch/arm/mach-rockchip/built-in.o
 .bss           0x0000000000000000        0x0 arch/arm/mach-rockchip/built-in.o
 .text.v7_outer_cache_enable
                0x0000000000000000        0x2 arch/arm/cpu/armv7/built-in.o
 .text.v7_outer_cache_disable
                0x0000000000000000        0x2 arch/arm/cpu/armv7/built-in.o
 .text.arm_init_before_mmu
                0x0000000000000000       0x22 arch/arm/cpu/armv7/built-in.o
 .text.mmu_page_table_flush
                0x0000000000000000       0x1e arch/arm/cpu/armv7/built-in.o
 .text.cpu_cache_initialization
                0x0000000000000000        0x2 arch/arm/cpu/armv7/built-in.o
 .text.cleanup_before_linux_select
                0x0000000000000000       0x44 arch/arm/cpu/armv7/built-in.o
 .text.cleanup_before_linux
                0x0000000000000000        0x6 arch/arm/cpu/armv7/built-in.o
 .text.v7_arch_cp15_set_l2aux_ctrl
                0x0000000000000000        0x6 arch/arm/cpu/armv7/built-in.o
 .text.v7_arch_cp15_set_acr
                0x0000000000000000        0x6 arch/arm/cpu/armv7/built-in.o
 .text.sdelay   0x0000000000000000        0x6 arch/arm/cpu/armv7/built-in.o
 .text.wait_on_value
                0x0000000000000000       0x1e arch/arm/cpu/armv7/built-in.o
 .text.timer_get_boot_us
                0x0000000000000000       0x3e arch/arm/cpu/armv7/built-in.o
 .data          0x0000000000000000        0x0 arch/arm/cpu/armv7/built-in.o
 .bss           0x0000000000000000        0x0 arch/arm/cpu/armv7/built-in.o
 .text.relocate_vectors
                0x0000000000000000       0x70 arch/arm/lib/built-in.o
 .text.board_fdt_fixup
                0x0000000000000000        0x4 arch/arm/lib/built-in.o
 .text.arch_fixup_fdt
[...]
Memory Configuration

Name             Origin             Length             Attributes
*default*        0x0000000000000000 0xffffffffffffffff

Linker script and memory map

                0x0000000000000000                . = 0x0
                0x0000000000000000                . = ALIGN (0x4)

.text           0x0000000000000000    0x14f70
                0x0000000000000000                __image_copy_start = .
 *(.vectors)
 .vectors       0x0000000000000000       0x64 arch/arm/lib/built-in.o
                0x0000000000000020                _start
                0x0000000000000040                _undefined_instruction
                0x0000000000000044                _software_interrupt
                0x0000000000000048                _prefetch_abort
                0x000000000000004c                _data_abort
                0x0000000000000050                _not_used
                0x0000000000000054                _irq
                0x0000000000000058                _fiq
 arch/arm/cpu/armv7/start.o(.text*)
 .text          0x0000000000000064       0xbc arch/arm/cpu/armv7/start.o
                0x0000000000000064                reset
                0x0000000000000068                save_boot_params_ret
                0x00000000000000b4                c_runtime_cpu_setup
                0x00000000000000c8                cpu_init_cp15
 *(.text*)
 .text.board_fit_image_post_process
                0x0000000000000120      0x104 arch/arm/mach-rockchip/built-in.o
                0x0000000000000120                board_fit_image_post_process
 .text.fit_board_verify_required_sigs
                0x0000000000000224       0x50 arch/arm/mach-rockchip/built-in.o
                0x0000000000000224                fit_board_verify_required_sigs
 .text.rockchip_get_clk
                0x0000000000000274       0x10 arch/arm/mach-rockchip/built-in.o
                0x0000000000000274                rockchip_get_clk
 .text.board_debug_uart_init
                0x0000000000000284       0x24 arch/arm/mach-rockchip/built-in.o
                0x0000000000000284                board_debug_uart_init
 .text.arch_cpu_init
                0x00000000000002a8      0x27c arch/arm/mach-rockchip/built-in.o
                0x00000000000002a8                arch_cpu_init
 .text.spl_fit_standalone_release
                0x0000000000000524       0x58 arch/arm/mach-rockchip/built-in.o
                0x0000000000000524                spl_fit_standalone_release
 .text.save_boot_params
                0x000000000000057c       0x68 arch/arm/mach-rockchip/built-in.o
                0x000000000000057c                save_boot_params
 .text.board_spl_was_booted_from
                0x00000000000005e4       0x24 arch/arm/mach-rockchip/built-in.o
                0x00000000000005e4                board_spl_was_booted_from
 .text.spl_boot_device
                0x0000000000000608        0x4 arch/arm/mach-rockchip/built-in.o
                0x0000000000000608                spl_boot_device
 .text.spl_boot_mode
                0x000000000000060c        0x4 arch/arm/mach-rockchip/built-in.o
                0x000000000000060c                spl_boot_mode
 .text.rockchip_stimer_init
                0x0000000000000610       0x44 arch/arm/mach-rockchip/built-in.o
                0x0000000000000610                rockchip_stimer_init
 .text.rk_board_init_f
                0x0000000000000654        0x4 arch/arm/mach-rockchip/built-in.o
                0x0000000000000654                rk_board_init_f
 .text.board_init_f
                0x0000000000000658       0x58 arch/arm/mach-rockchip/built-in.o
                0x0000000000000658                board_init_f
 .text.board_fit_config_name_match
                0x00000000000006b0        0x4 arch/arm/mach-rockchip/built-in.o
                0x00000000000006b0                board_fit_config_name_match
 .text.board_init_f_boot_flags
                0x00000000000006b4       0x54 arch/arm/mach-rockchip/built-in.o
                0x00000000000006b4                board_init_f_boot_flags
 .text.rk_spl_board_init
                0x0000000000000708        0x4 arch/arm/mach-rockchip/built-in.o
                0x0000000000000708                rk_spl_board_init
 .text.spl_board_init
                0x000000000000070c        0x4 arch/arm/mach-rockchip/built-in.o
                0x000000000000070c                spl_board_init
 .text.spl_perform_fixups
                0x0000000000000710        0x6 arch/arm/mach-rockchip/built-in.o
                0x0000000000000710                spl_perform_fixups
 *fill*         0x0000000000000716        0x2 
 .text.spl_hang_reset
                0x0000000000000718       0x38 arch/arm/mach-rockchip/built-in.o
                0x0000000000000718                spl_hang_reset
 .text.spl_board_prepare_for_jump
                0x0000000000000750        0xa arch/arm/mach-rockchip/built-in.o
                0x0000000000000750                spl_board_prepare_for_jump
 *fill*         0x000000000000075a        0x2 
 .text.board_boot_order
                0x000000000000075c      0x12c arch/arm/mach-rockchip/built-in.o
                0x000000000000075c                board_boot_order
 .text.js_hash  0x0000000000000888       0x2c arch/arm/mach-rockchip/built-in.o
 .text.atags_bad_magic
                0x00000000000008b4       0x30 arch/arm/mach-rockchip/built-in.o
                0x00000000000008b4                atags_bad_magic
 .text.atags_overflow
                0x00000000000008e4       0x30 arch/arm/mach-rockchip/built-in.o
                0x00000000000008e4                atags_overflow
 .text.atags_set_tag
                0x0000000000000914       0xfc arch/arm/mach-rockchip/built-in.o
                0x0000000000000914                atags_set_tag
 .text.atags_get_tag
                0x0000000000000a10       0x5c arch/arm/mach-rockchip/built-in.o
                0x0000000000000a10                atags_get_tag
 .text.atags_set_bootdev_by_spl_bootdevice
                0x0000000000000a6c       0x38 arch/arm/mach-rockchip/built-in.o
                0x0000000000000a6c                atags_set_bootdev_by_spl_bootdevice
 .text          0x0000000000000aa4      0x198 arch/arm/cpu/armv7/built-in.o
                0x0000000000000aa4                __v7_flush_dcache_all
                0x0000000000000b40                v7_flush_dcache_all
                0x0000000000000b50                __v7_invalidate_dcache_all
                0x0000000000000bec                v7_invalidate_dcache_all
                0x0000000000000bfc                __arm_smccc_smc
                0x0000000000000c1c                __arm_smccc_hvc
 .text.invalidate_icache_all
                0x0000000000000c3c       0x14 arch/arm/cpu/armv7/built-in.o
                0x0000000000000c3c                invalidate_icache_all
 .text.v7_outer_cache_flush_all
                0x0000000000000c50        0x2 arch/arm/cpu/armv7/built-in.o
                0x0000000000000c50                v7_outer_cache_flush_all
 .text.flush_dcache_all
                0x0000000000000c52        0xe arch/arm/cpu/armv7/built-in.o
                0x0000000000000c52                flush_dcache_all
 .text.v7_outer_cache_inval_all
                0x0000000000000c60        0x2 arch/arm/cpu/armv7/built-in.o
                0x0000000000000c60                v7_outer_cache_inval_all
 .text.invalidate_dcache_all
                0x0000000000000c62        0xe arch/arm/cpu/armv7/built-in.o
                0x0000000000000c62                invalidate_dcache_all
 .text.v7_outer_cache_flush_range
                0x0000000000000c70        0x2 arch/arm/cpu/armv7/built-in.o
                0x0000000000000c70                v7_outer_cache_flush_range
 .text.flush_dcache_range
                0x0000000000000c72       0x26 arch/arm/cpu/armv7/built-in.o
                0x0000000000000c72                flush_dcache_range
 .text.v7_outer_cache_inval_range
                0x0000000000000c98        0x2 arch/arm/cpu/armv7/built-in.o
                0x0000000000000c98                v7_outer_cache_inval_range
 .text.invalidate_dcache_range
                0x0000000000000c9a       0x4a arch/arm/cpu/armv7/built-in.o
                0x0000000000000c9a                invalidate_dcache_range
 .text.timer_init
                0x0000000000000ce4       0x18 arch/arm/cpu/armv7/built-in.o
                0x0000000000000ce4                timer_init
 .text.get_ticks
                0x0000000000000cfc       0x22 arch/arm/cpu/armv7/built-in.o
                0x0000000000000cfc                get_ticks
 .text.get_tbclk
                0x0000000000000d1e        0x6 arch/arm/cpu/armv7/built-in.o
                0x0000000000000d1e                get_tbclk
 *fill*         0x0000000000000d24       0x1c 
 .text          0x0000000000000d40      0x400 arch/arm/lib/built-in.o
                0x0000000000000d40                _main
                0x0000000000000dc0                memset
                0x0000000000000e60                memcpy
 .text.setjmp   0x0000000000001140       0x10 arch/arm/lib/built-in.o
                0x0000000000001140                setjmp
 .text.longjmp  0x0000000000001150       0x1c arch/arm/lib/built-in.o
                0x0000000000001150                longjmp
 .text.disable_interrupts
                0x000000000000116c        0x4 arch/arm/lib/built-in.o
                0x000000000000116c                disable_interrupts
 .text.flush_cache
                0x0000000000001170        0x6 arch/arm/lib/built-in.o
                0x0000000000001170                flush_cache
 .text.arm_init_domains
                0x0000000000001176        0x2 arch/arm/lib/built-in.o
                0x0000000000001176                arm_init_domains
 .text.set_section_dcache
                0x0000000000001178       0x12 arch/arm/lib/built-in.o
                0x0000000000001178                set_section_dcache
 .text.dram_bank_mmu_setup
                0x000000000000118a       0x7a arch/arm/lib/built-in.o
                0x000000000000118a                dram_bank_mmu_setup
 .text.icache_disable
                0x0000000000001204       0x16 arch/arm/lib/built-in.o
                0x0000000000001204                icache_disable
 .text.dcache_enable
                0x000000000000121a       0x70 arch/arm/lib/built-in.o
                0x000000000000121a                dcache_enable
 .text.dcache_disable
                0x000000000000128a       0x20 arch/arm/lib/built-in.o
                0x000000000000128a                dcache_disable
 *fill*         0x00000000000012aa        0x2 
 .text          0x00000000000012ac        0x8 common/spl/built-in.o
                0x00000000000012ac                spl_optee_entry
 .text.show_boot_progress
                0x00000000000012b4        0x2 common/spl/built-in.o
                0x00000000000012b4                show_boot_progress
 .text.spl_common_init.constprop.3
                0x00000000000012b6       0x88 common/spl/built-in.o
 .text.spl_next_stage
                0x000000000000133e        0x6 common/spl/built-in.o
                0x000000000000133e                spl_next_stage
 .text.spl_board_prepare_for_boot
                0x0000000000001344        0x2 common/spl/built-in.o
                0x0000000000001344                spl_board_prepare_for_boot
 .text.jump_to_image_no_args
                0x0000000000001346        0x6 common/spl/built-in.o
                0x0000000000001346                jump_to_image_no_args
 .text.spl_set_bd
                0x000000000000134c       0x14 common/spl/built-in.o
                0x000000000000134c                spl_set_bd
 .text.spl_early_init
                0x0000000000001360       0x16 common/spl/built-in.o
                0x0000000000001360                spl_early_init
 .text.spl_init
                0x0000000000001376       0x24 common/spl/built-in.o
                0x0000000000001376                spl_init
 *fill*         0x000000000000139a        0x2 
 .text.preloader_console_init
                0x000000000000139c       0x24 common/spl/built-in.o
                0x000000000000139c                preloader_console_init
 .text.spl_relocate_stack_gd
                0x00000000000013c0        0x4 common/spl/built-in.o
                0x00000000000013c0                spl_relocate_stack_gd
 .text.spl_cleanup_before_jump
                0x00000000000013c4       0x6c common/spl/built-in.o
                0x00000000000013c4                spl_cleanup_before_jump
 .text.board_init_r
                0x0000000000001430      0x11c common/spl/built-in.o
                0x0000000000001430                board_init_r
 .text.spl_fit_get_image_name.isra.0
                0x000000000000154c       0xa0 common/spl/built-in.o
 .text.spl_fit_get_image_node
                0x00000000000015ec       0x28 common/spl/built-in.o
 .text.spl_load_fit_image
                0x0000000000001614      0x200 common/spl/built-in.o
 .text.spl_fit_append_fdt
                0x0000000000001814       0x8c common/spl/built-in.o
 .text.spl_load_simple_fit
                0x00000000000018a0      0x2d4 common/spl/built-in.o
                0x00000000000018a0                spl_load_simple_fit
 .text.spl_nand_fit_read
                0x0000000000001b74       0x18 common/spl/built-in.o
 .text.spl_nand_load_element.constprop.0
                0x0000000000001b8c       0x3c common/spl/built-in.o
 .text.spl_nand_load_image
                0x0000000000001bc8       0x2a common/spl/built-in.o
 .text.h_spl_load_read
                0x0000000000001bf2        0x6 common/spl/built-in.o
 .text.spl_mmc_load_image
                0x0000000000001bf8      0x154 common/spl/built-in.o
                0x0000000000001bf8                spl_mmc_load_image
 .text.mtd_spl_load_read
                0x0000000000001d4c        0x6 common/spl/built-in.o
 *fill*         0x0000000000001d52        0x2 
 .text.find_mtd_device
                0x0000000000001d54       0x34 common/spl/built-in.o
                0x0000000000001d54                find_mtd_device
 .text.spl_mtd_load_image
                0x0000000000001d88       0x90 common/spl/built-in.o
                0x0000000000001d88                spl_mtd_load_image
 .text.spl_slot_is_bootable
                0x0000000000001e18       0x1a common/spl/built-in.o
 .text.spl_read_ab_metadata
                0x0000000000001e32       0x52 common/spl/built-in.o
 .text.spl_ab_data_update_crc_and_byteswap
                0x0000000000001e84       0x34 common/spl/built-in.o
 .text.spl_write_ab_metadata
                0x0000000000001eb8       0x50 common/spl/built-in.o
 .text.safe_memcmp.part.1
                0x0000000000001f08       0x20 common/spl/built-in.o
 .text.spl_ab_data_read
                0x0000000000001f28       0xbc common/spl/built-in.o
 .text.spl_get_current_slot
                0x0000000000001fe4       0xb4 common/spl/built-in.o
                0x0000000000001fe4                spl_get_current_slot
 .text.spl_ab_append_part_slot
                0x0000000000002098       0x54 common/spl/built-in.o
                0x0000000000002098                spl_ab_append_part_slot
 .text.spl_ab_decrease_tries
                0x00000000000020ec       0x9c common/spl/built-in.o
                0x00000000000020ec                spl_ab_decrease_tries
 .text.board_init_f_alloc_reserve
                0x0000000000002188        0xc common/init/built-in.o
                0x0000000000002188                board_init_f_alloc_reserve
 .text.board_init_f_init_reserve
                0x0000000000002194       0x16 common/init/built-in.o
                0x0000000000002194                board_init_f_init_reserve
 .text.fdt_getprop_u32
                0x00000000000021aa       0x20 common/built-in.o
                0x00000000000021aa                fdt_getprop_u32
 *fill*         0x00000000000021ca        0x2 
 .text.fit_find_config_node
                0x00000000000021cc       0xa0 common/built-in.o
                0x00000000000021cc                fit_find_config_node
 .text.of_bus_default_map
                0x000000000000226c       0xa4 common/built-in.o
 .text.fdt_support_default_count_cells
                0x0000000000002310       0x34 common/built-in.o
                0x0000000000002310                fdt_support_default_count_cells
 .text.of_bus_default_translate
                0x0000000000002344       0x78 common/built-in.o
 .text.fdt_find_or_add_subnode
                0x00000000000023bc       0x40 common/built-in.o
                0x00000000000023bc                fdt_find_or_add_subnode
 .text.fdt_record_loadable
                0x00000000000023fc       0xf4 common/built-in.o
                0x00000000000023fc                fdt_record_loadable
 .text.fdt_shrink_to_minimum
                0x00000000000024f0       0x88 common/built-in.o
                0x00000000000024f0                fdt_shrink_to_minimum
 .text.fdt_translate_address
                0x0000000000002578      0x18c common/built-in.o
                0x0000000000002578                fdt_translate_address
 .text.fdt_get_base_address
                0x0000000000002704       0x28 common/built-in.o
                0x0000000000002704                fdt_get_base_address
 .text.bounce_buffer_start
                0x000000000000272c       0x50 common/built-in.o
                0x000000000000272c                bounce_buffer_start
 .text.bounce_buffer_stop
                0x000000000000277c       0x2c common/built-in.o
                0x000000000000277c                bounce_buffer_stop
 .text.putc     0x00000000000027a8       0x3c common/built-in.o
                0x00000000000027a8                putc
 .text.puts     0x00000000000027e4       0x12 common/built-in.o
                0x00000000000027e4                puts
 *fill*         0x00000000000027f6        0x2 
 .text.fclear.part.4
                0x00000000000027f8       0x14 common/built-in.o
 .text.flushc   0x000000000000280c       0x22 common/built-in.o
                0x000000000000280c                flushc
 .text.malloc_simple
                0x000000000000282e       0x28 common/built-in.o
                0x000000000000282e                malloc_simple
 *fill*         0x0000000000002856        0x2 
 .text.memalign_simple
                0x0000000000002858       0x40 common/built-in.o
                0x0000000000002858                memalign_simple
 .text.calloc   0x0000000000002898       0x18 common/built-in.o
                0x0000000000002898                calloc
 .text.get_table_entry_id
                0x00000000000028b0       0x26 common/built-in.o
                0x00000000000028b0                get_table_entry_id
 *fill*         0x00000000000028d6        0x2 
 .text.genimg_get_os_id
                0x00000000000028d8       0x14 common/built-in.o
                0x00000000000028d8                genimg_get_os_id
 .text.genimg_get_comp_id
                0x00000000000028ec       0x14 common/built-in.o
                0x00000000000028ec                genimg_get_comp_id
 .text.fit_image_get_address
                0x0000000000002900       0x40 common/built-in.o
 .text.hw_fit_calculate_hash
                0x0000000000002940       0x70 common/built-in.o
 .text.fit_get_totalsize
                0x00000000000029b0       0x24 common/built-in.o
                0x00000000000029b0                fit_get_totalsize
 .text.fit_image_get_os
                0x00000000000029d4       0x28 common/built-in.o
                0x00000000000029d4                fit_image_get_os
 .text.fit_image_get_comp
                0x00000000000029fc       0x28 common/built-in.o
                0x00000000000029fc                fit_image_get_comp
 .text.fit_image_get_load
                0x0000000000002a24        0xc common/built-in.o
                0x0000000000002a24                fit_image_get_load
 .text.fit_image_get_comp_addr
                0x0000000000002a30        0xc common/built-in.o
                0x0000000000002a30                fit_image_get_comp_addr
 .text.fit_image_get_data_offset
                0x0000000000002a3c       0x24 common/built-in.o
                0x0000000000002a3c                fit_image_get_data_offset
 .text.fit_image_get_data_position
                0x0000000000002a60       0x24 common/built-in.o
                0x0000000000002a60                fit_image_get_data_position
 .text.fit_image_get_data_size
                0x0000000000002a84       0x24 common/built-in.o
                0x0000000000002a84                fit_image_get_data_size
 .text.fit_image_get_data
                0x0000000000002aa8       0x90 common/built-in.o
                0x0000000000002aa8                fit_image_get_data
 .text.fit_image_hash_get_algo
                0x0000000000002b38       0x20 common/built-in.o
                0x0000000000002b38                fit_image_hash_get_algo
 .text.fit_image_hash_get_value
                0x0000000000002b58       0x28 common/built-in.o
                0x0000000000002b58                fit_image_hash_get_value
 .text.fit_image_check_hash
                0x0000000000002b80      0x110 common/built-in.o
                0x0000000000002b80                fit_image_check_hash
 .text.fit_image_verify_with_data
                0x0000000000002c90       0xb4 common/built-in.o
                0x0000000000002c90                fit_image_verify_with_data
 .text.subtract_modulus
                0x0000000000002d44       0x32 lib/built-in.o
 .text.montgomery_mul
                0x0000000000002d76       0xf6 lib/built-in.o
 .text.rsa_convert_big_endian
                0x0000000000002e6c       0x1c lib/built-in.o
 .text.rsa_mod_exp_sw
                0x0000000000002e88      0x228 lib/built-in.o
                0x0000000000002e88                rsa_mod_exp_sw
 .text.fdt_check_header
                0x00000000000030b0       0x4c lib/built-in.o
                0x00000000000030b0                fdt_check_header
 .text.fdt_offset_ptr
                0x00000000000030fc       0x32 lib/built-in.o
                0x00000000000030fc                fdt_offset_ptr
 *fill*         0x000000000000312e        0x2 
 .text.fdt_next_tag
                0x0000000000003130       0xa8 lib/built-in.o
                0x0000000000003130                fdt_next_tag
 .text._fdt_check_node_offset
                0x00000000000031d8       0x24 lib/built-in.o
                0x00000000000031d8                _fdt_check_node_offset
 .text._fdt_check_prop_offset
                0x00000000000031fc       0x24 lib/built-in.o
                0x00000000000031fc                _fdt_check_prop_offset
 .text.fdt_next_node
                0x0000000000003220       0x6e lib/built-in.o
                0x0000000000003220                fdt_next_node
 .text.fdt_first_subnode
                0x000000000000328e       0x28 lib/built-in.o
                0x000000000000328e                fdt_first_subnode
 .text.fdt_next_subnode
                0x00000000000032b6       0x2e lib/built-in.o
                0x00000000000032b6                fdt_next_subnode
 .text._fdt_find_string
                0x00000000000032e4       0x30 lib/built-in.o
                0x00000000000032e4                _fdt_find_string
 .text.fdt_strerror
                0x0000000000003314       0x3c lib/built-in.o
                0x0000000000003314                fdt_strerror
 .text._fdt_blocks_misordered
                0x0000000000003350       0x36 lib/built-in.o
 .text._fdt_splice
                0x0000000000003386       0x4a lib/built-in.o
 .text._fdt_splice_mem_rsv
                0x00000000000033d0       0x2c lib/built-in.o
 .text._fdt_splice_struct
                0x00000000000033fc       0x26 lib/built-in.o
 .text._fdt_add_property
                0x0000000000003422       0xb2 lib/built-in.o
 .text._fdt_rw_check_header
                0x00000000000034d4       0x38 lib/built-in.o
 .text.fdt_add_mem_rsv
                0x000000000000350c       0x58 lib/built-in.o
                0x000000000000350c                fdt_add_mem_rsv
 .text.fdt_del_mem_rsv
                0x0000000000003564       0x3c lib/built-in.o
                0x0000000000003564                fdt_del_mem_rsv
 .text.fdt_setprop_placeholder
                0x00000000000035a0       0x70 lib/built-in.o
                0x00000000000035a0                fdt_setprop_placeholder
 .text.fdt_setprop
                0x0000000000003610       0x26 lib/built-in.o
                0x0000000000003610                fdt_setprop
 .text.fdt_add_subnode_namelen
                0x0000000000003636       0x98 lib/built-in.o
                0x0000000000003636                fdt_add_subnode_namelen
 .text.fdt_add_subnode
                0x00000000000036ce       0x1e lib/built-in.o
                0x00000000000036ce                fdt_add_subnode
 .text.fdt_address_cells
                0x00000000000036ec       0x34 lib/built-in.o
                0x00000000000036ec                fdt_address_cells
 .text.fdt_size_cells
                0x0000000000003720       0x34 lib/built-in.o
                0x0000000000003720                fdt_size_cells
 .text.fdt_path_next_separator
                0x0000000000003754       0x2a lib/built-in.o
 .text._nextprop
                0x000000000000377e       0x32 lib/built-in.o
 .text.fdt_string
                0x00000000000037b0        0xa lib/built-in.o
                0x00000000000037b0                fdt_string
 .text.fdt_get_mem_rsv
                0x00000000000037ba       0x38 lib/built-in.o
                0x00000000000037ba                fdt_get_mem_rsv
 .text.fdt_num_mem_rsv
                0x00000000000037f2       0x22 lib/built-in.o
                0x00000000000037f2                fdt_num_mem_rsv
 .text.fdt_subnode_offset_namelen
                0x0000000000003814       0x7c lib/built-in.o
                0x0000000000003814                fdt_subnode_offset_namelen
 .text.fdt_subnode_offset
                0x0000000000003890       0x1e lib/built-in.o
                0x0000000000003890                fdt_subnode_offset
 .text.fdt_get_name
                0x00000000000038ae       0x3a lib/built-in.o
                0x00000000000038ae                fdt_get_name
 .text.fdt_first_property_offset
                0x00000000000038e8       0x18 lib/built-in.o
                0x00000000000038e8                fdt_first_property_offset
 .text.fdt_next_property_offset
                0x0000000000003900       0x18 lib/built-in.o
                0x0000000000003900                fdt_next_property_offset
 .text.fdt_get_property_by_offset
                0x0000000000003918       0x2e lib/built-in.o
                0x0000000000003918                fdt_get_property_by_offset
 .text.fdt_get_property_namelen
                0x0000000000003946       0x6e lib/built-in.o
                0x0000000000003946                fdt_get_property_namelen
 .text.fdt_get_property
                0x00000000000039b4       0x22 lib/built-in.o
                0x00000000000039b4                fdt_get_property
 .text.fdt_getprop_namelen
                0x00000000000039d6       0x12 lib/built-in.o
                0x00000000000039d6                fdt_getprop_namelen
 .text.fdt_getprop_by_offset
                0x00000000000039e8       0x26 lib/built-in.o
                0x00000000000039e8                fdt_getprop_by_offset
 .text.fdt_getprop
                0x0000000000003a0e       0x22 lib/built-in.o
                0x0000000000003a0e                fdt_getprop
 .text.fdt_get_phandle
                0x0000000000003a30       0x40 lib/built-in.o
                0x0000000000003a30                fdt_get_phandle
 .text.fdt_get_alias_namelen
                0x0000000000003a70       0x2c lib/built-in.o
                0x0000000000003a70                fdt_get_alias_namelen
 .text.fdt_path_offset_namelen
                0x0000000000003a9c       0x8c lib/built-in.o
                0x0000000000003a9c                fdt_path_offset_namelen
 .text.fdt_path_offset
                0x0000000000003b28       0x1a lib/built-in.o
                0x0000000000003b28                fdt_path_offset
 .text.fdt_get_alias
                0x0000000000003b42       0x1a lib/built-in.o
                0x0000000000003b42                fdt_get_alias
 .text.fdt_supernode_atdepth_offset
                0x0000000000003b5c       0x72 lib/built-in.o
                0x0000000000003b5c                fdt_supernode_atdepth_offset
 .text.fdt_node_depth
                0x0000000000003bce       0x1e lib/built-in.o
                0x0000000000003bce                fdt_node_depth
 .text.fdt_parent_offset
                0x0000000000003bec       0x20 lib/built-in.o
                0x0000000000003bec                fdt_parent_offset
 .text.fdt_node_offset_by_phandle
                0x0000000000003c0c       0x42 lib/built-in.o
                0x0000000000003c0c                fdt_node_offset_by_phandle
 .text.fdt_stringlist_contains
                0x0000000000003c4e       0x48 lib/built-in.o
                0x0000000000003c4e                fdt_stringlist_contains
 .text.fdt_stringlist_search
                0x0000000000003c96       0x66 lib/built-in.o
                0x0000000000003c96                fdt_stringlist_search
 .text.fdt_stringlist_get
                0x0000000000003cfc       0x60 lib/built-in.o
                0x0000000000003cfc                fdt_stringlist_get
 .text.fdt_node_check_compatible
                0x0000000000003d5c       0x28 lib/built-in.o
                0x0000000000003d5c                fdt_node_check_compatible
 .text.fdt_node_offset_by_compatible
                0x0000000000003d84       0x40 lib/built-in.o
                0x0000000000003d84                fdt_node_offset_by_compatible
 .text.fdtdec_get_int
                0x0000000000003dc4       0x1c lib/built-in.o
                0x0000000000003dc4                fdtdec_get_int
 .text.get_prop_check_min_len
                0x0000000000003de0       0x26 lib/built-in.o
 *fill*         0x0000000000003e06        0x2 
 .text.fdtdec_get_is_enabled
                0x0000000000003e08       0x28 lib/built-in.o
                0x0000000000003e08                fdtdec_get_is_enabled
 .text.fdtdec_next_compatible
                0x0000000000003e30       0x10 lib/built-in.o
                0x0000000000003e30                fdtdec_next_compatible
 .text.fdtdec_get_alias_seq
                0x0000000000003e40       0xac lib/built-in.o
                0x0000000000003e40                fdtdec_get_alias_seq
 .text.fdtdec_prepare_fdt
                0x0000000000003eec       0x30 lib/built-in.o
                0x0000000000003eec                fdtdec_prepare_fdt
 .text.fdtdec_get_int_array
                0x0000000000003f1c       0x34 lib/built-in.o
                0x0000000000003f1c                fdtdec_get_int_array
 .text.fdtdec_parse_phandle_with_args
                0x0000000000003f50       0xca lib/built-in.o
                0x0000000000003f50                fdtdec_parse_phandle_with_args
 .text.fdtdec_get_number
                0x000000000000401a       0x24 lib/built-in.o
                0x000000000000401a                fdtdec_get_number
 .text.fdtdec_get_addr_size_fixed
                0x000000000000403e       0x54 lib/built-in.o
                0x000000000000403e                fdtdec_get_addr_size_fixed
 .text.fdtdec_get_addr_size_auto_parent
                0x0000000000004092       0x46 lib/built-in.o
                0x0000000000004092                fdtdec_get_addr_size_auto_parent
 .text.fdtdec_get_addr_size_auto_noparent
                0x00000000000040d8       0x34 lib/built-in.o
                0x00000000000040d8                fdtdec_get_addr_size_auto_noparent
 .text.fdtdec_get_addr_size
                0x000000000000410c       0x1e lib/built-in.o
                0x000000000000410c                fdtdec_get_addr_size
 *fill*         0x000000000000412a        0x2 
 .text.fdtdec_setup
                0x000000000000412c       0x10 lib/built-in.o
                0x000000000000412c                fdtdec_setup
 .text.crc32_no_comp
                0x000000000000413c       0x8c lib/built-in.o
                0x000000000000413c                crc32_no_comp
 .text.crc32    0x00000000000041c8        0xc lib/built-in.o
                0x00000000000041c8                crc32
 .text.__div64_32
                0x00000000000041d4       0x7e lib/built-in.o
                0x00000000000041d4                __div64_32
 *fill*         0x0000000000004252        0x2 
 .text.hang     0x0000000000004254       0x1c lib/built-in.o
                0x0000000000004254                hang
 .text.kmalloc  0x0000000000004270       0x20 lib/built-in.o
                0x0000000000004270                kmalloc
 .text.strncasecmp
                0x0000000000004290       0x44 lib/built-in.o
                0x0000000000004290                strncasecmp
 .text.strcasecmp
                0x00000000000042d4        0x8 lib/built-in.o
                0x00000000000042d4                strcasecmp
 .text.strcpy   0x00000000000042dc       0x10 lib/built-in.o
                0x00000000000042dc                strcpy
 .text.strcat   0x00000000000042ec       0x1e lib/built-in.o
                0x00000000000042ec                strcat
 .text.strcmp   0x000000000000430a       0x16 lib/built-in.o
                0x000000000000430a                strcmp
 .text.strncmp  0x0000000000004320       0x22 lib/built-in.o
                0x0000000000004320                strncmp
 .text.strchr   0x0000000000004342       0x18 lib/built-in.o
                0x0000000000004342                strchr
 .text.strchrnul
                0x000000000000435a       0x14 lib/built-in.o
                0x000000000000435a                strchrnul
 .text.strlen   0x000000000000436e       0x10 lib/built-in.o
                0x000000000000436e                strlen
 .text.strrchr  0x000000000000437e       0x20 lib/built-in.o
                0x000000000000437e                strrchr
 .text.strnlen  0x000000000000439e       0x18 lib/built-in.o
                0x000000000000439e                strnlen
 .text.strcspn  0x00000000000043b6       0x22 lib/built-in.o
                0x00000000000043b6                strcspn
 .text.strdup   0x00000000000043d8       0x22 lib/built-in.o
                0x00000000000043d8                strdup
 .text.memmove  0x00000000000043fa       0x26 lib/built-in.o
                0x00000000000043fa                memmove
 .text.memcmp   0x0000000000004420       0x1e lib/built-in.o
                0x0000000000004420                memcmp
 .text.memchr   0x000000000000443e       0x1c lib/built-in.o
                0x000000000000443e                memchr
 .text.tick_to_time
                0x000000000000445a       0x48 lib/built-in.o
 .text.get_timer
                0x00000000000044a2       0x10 lib/built-in.o
                0x00000000000044a2                get_timer
 .text.timer_get_us
                0x00000000000044b2       0x1c lib/built-in.o
                0x00000000000044b2                timer_get_us
 *fill*         0x00000000000044ce        0x2 
 .text.__udelay
                0x00000000000044d0       0x9c lib/built-in.o
                0x00000000000044d0                __udelay
 .text.udelay   0x000000000000456c       0x20 lib/built-in.o
                0x000000000000456c                udelay
 .text.uuid_bin_to_str
                0x000000000000458c       0x78 lib/built-in.o
                0x000000000000458c                uuid_bin_to_str
 .text.putc_outstr
                0x0000000000004604        0xa lib/built-in.o
 .text.putc_normal
                0x000000000000460e        0x6 lib/built-in.o
 .text.div_out  0x0000000000004614       0x32 lib/built-in.o
 *fill*         0x0000000000004646        0x2 
 .text._vprintf
                0x0000000000004648      0x1e0 lib/built-in.o
 .text.vprintf  0x0000000000004828       0x1c lib/built-in.o
                0x0000000000004828                vprintf
 .text.printf   0x0000000000004844       0x24 lib/built-in.o
                0x0000000000004844                printf
 .text.sprintf  0x0000000000004868       0x2c lib/built-in.o
                0x0000000000004868                sprintf
 .text.snprintf
                0x0000000000004894       0x2c lib/built-in.o
                0x0000000000004894                snprintf
 .text.panic    0x00000000000048c0       0x1a lib/built-in.o
                0x00000000000048c0                panic
 *fill*         0x00000000000048da        0x2 
 .text._parse_integer_fixup_radix
                0x00000000000048dc       0x5c lib/built-in.o
 .text.simple_strtoul
                0x0000000000004938       0x50 lib/built-in.o
                0x0000000000004938                simple_strtoul
 .text.trailing_strtoln
                0x0000000000004988       0x48 lib/built-in.o
                0x0000000000004988                trailing_strtoln
 .text.trailing_strtol
                0x00000000000049d0        0x6 lib/built-in.o
                0x00000000000049d0                trailing_strtol
 *fill*         0x00000000000049d6        0x2 
 .text.part_driver_lookup_type
                0x00000000000049d8       0x44 disk/built-in.o
 .text.part_init
                0x0000000000004a1c       0x2c disk/built-in.o
                0x0000000000004a1c                part_init
 .text.part_get_info
                0x0000000000004a48       0x36 disk/built-in.o
                0x0000000000004a48                part_get_info
 *fill*         0x0000000000004a7e        0x2 
 .text.part_get_info_by_name
                0x0000000000004a80       0xb8 disk/built-in.o
                0x0000000000004a80                part_get_info_by_name
 .text.part_set_generic_name
                0x0000000000004b38       0x34 disk/built-in.o
                0x0000000000004b38                part_set_generic_name
 .text.test_block_type
                0x0000000000004b6c       0x50 disk/built-in.o
 .text.part_test_dos
                0x0000000000004bbc       0x4e disk/built-in.o
 *fill*         0x0000000000004c0a        0x2 
 .text.part_get_info_extended
                0x0000000000004c0c      0x1d8 disk/built-in.o
 .text.part_get_info_dos
                0x0000000000004de4       0x16 disk/built-in.o
                0x0000000000004de4                part_get_info_dos
 *fill*         0x0000000000004dfa        0x2 
 .text.print_efiname
                0x0000000000004dfc       0x38 disk/built-in.o
 .text.part_test_efi
                0x0000000000004e34       0x42 disk/built-in.o
 *fill*         0x0000000000004e76        0x2 
 .text.validate_gpt_entries
                0x0000000000004e78       0x80 disk/built-in.o
 .text.validate_gpt_header
                0x0000000000004ef8      0x1ec disk/built-in.o
 .text.is_gpt_valid
                0x00000000000050e4      0x1c0 disk/built-in.o
 .text.is_pte_valid
                0x00000000000052a4       0x38 disk/built-in.o
 .text.part_get_info_efi
                0x00000000000052dc      0x1c8 disk/built-in.o
                0x00000000000052dc                part_get_info_efi
 .text.clk_request
                0x00000000000054a4       0x12 drivers/built-in.o
                0x00000000000054a4                clk_request
 *fill*         0x00000000000054b6        0x2 
 .text.clk_get_by_indexed_prop
                0x00000000000054b8       0x5c drivers/built-in.o
 .text.clk_get_by_index
                0x0000000000005514       0x10 drivers/built-in.o
                0x0000000000005514                clk_get_by_index
 .text.clk_get_by_name
                0x0000000000005524       0x28 drivers/built-in.o
                0x0000000000005524                clk_get_by_name
 .text.clk_get_rate
                0x000000000000554c       0x12 drivers/built-in.o
                0x000000000000554c                clk_get_rate
 .text.clk_set_rate
                0x000000000000555e       0x12 drivers/built-in.o
                0x000000000000555e                clk_set_rate
 .text.clk_set_phase
                0x0000000000005570       0x12 drivers/built-in.o
                0x0000000000005570                clk_set_phase
 .text.clk_set_parent
                0x0000000000005582       0x12 drivers/built-in.o
                0x0000000000005582                clk_set_parent
 .text.clk_set_defaults
                0x0000000000005594       0xcc drivers/built-in.o
                0x0000000000005594                clk_set_defaults
 .text.clk_enable
                0x0000000000005660       0x12 drivers/built-in.o
                0x0000000000005660                clk_enable
 *fill*         0x0000000000005672        0x2 
 .text.clk_fixed_rate_ofdata_to_platdata
                0x0000000000005674       0x20 drivers/built-in.o
 .text.clk_fixed_rate_get_rate
                0x0000000000005694       0x16 drivers/built-in.o
 *fill*         0x00000000000056aa        0x2 
 .text.rk3036_pll_get_rate.isra.0
                0x00000000000056ac       0xf4 drivers/built-in.o
 .text.gcd      0x00000000000057a0       0x16 drivers/built-in.o
                0x00000000000057a0                gcd
 *fill*         0x00000000000057b6        0x2 
 .text.rk3036_pll_set_rate.isra.3
                0x00000000000057b8      0x20c drivers/built-in.o
 .text.rockchip_pll_get_rate
                0x00000000000059c4       0x30 drivers/built-in.o
                0x00000000000059c4                rockchip_pll_get_rate
 .text.rockchip_pll_set_rate
                0x00000000000059f4       0x48 drivers/built-in.o
                0x00000000000059f4                rockchip_pll_set_rate
 .text.rockchip_get_cpu_settings
                0x0000000000005a3c       0x14 drivers/built-in.o
                0x0000000000005a3c                rockchip_get_cpu_settings
 .text.rv1126_i2c_get_pmuclk
                0x0000000000005a50       0x2e drivers/built-in.o
 *fill*         0x0000000000005a7e        0x2 
 .text.rv1126_pwm_get_pmuclk
                0x0000000000005a80       0x48 drivers/built-in.o
 .text.rv1126_pdbus_get_clk
                0x0000000000005ac8       0x66 drivers/built-in.o
 .text.rv1126_pdphp_get_clk
                0x0000000000005b2e       0x36 drivers/built-in.o
 .text.rv1126_i2c_get_clk
                0x0000000000005b64       0x48 drivers/built-in.o
 .text.rv1126_pwm_get_clk
                0x0000000000005bac       0x28 drivers/built-in.o
 .text.rv1126_crypto_get_clk
                0x0000000000005bd4       0x50 drivers/built-in.o
 .text.rv1126_mmc_get_clk
                0x0000000000005c24       0x6c drivers/built-in.o
 .text.rv1126_mmc_set_clk
                0x0000000000005c90       0x8c drivers/built-in.o
 .text.rv1126_sfc_get_clk
                0x0000000000005d1c       0x24 drivers/built-in.o
 .text.rv1126_sfc_set_clk
                0x0000000000005d40       0x30 drivers/built-in.o
 .text.rv1126_nand_get_clk
                0x0000000000005d70       0x24 drivers/built-in.o
 .text.rv1126_nand_set_clk
                0x0000000000005d94       0x30 drivers/built-in.o
 .text.rv1126_aclk_vop_get_clk
                0x0000000000005dc4       0x26 drivers/built-in.o
 .text.rv1126_dclk_vop_get_clk
                0x0000000000005dea       0x24 drivers/built-in.o
 .text.rv1126_scr1_get_clk
                0x0000000000005e0e       0x26 drivers/built-in.o
 .text.rv1126_gmac_src_get_clk
                0x0000000000005e34       0x26 drivers/built-in.o
 .text.rv1126_gmac_out_get_clk
                0x0000000000005e5a       0x26 drivers/built-in.o
 .text.rv1126_dclk_decom_get_clk
                0x0000000000005e80       0x26 drivers/built-in.o
 *fill*         0x0000000000005ea6        0x2 
 .text.rv1126_pdbus_set_clk
                0x0000000000005ea8       0xb4 drivers/built-in.o
 .text.rv1126_pdphp_set_clk
                0x0000000000005f5c       0x58 drivers/built-in.o
 .text.rv1126_gpll_set_rate
                0x0000000000005fb4       0x7c drivers/built-in.o
 .text.rv1126_pmuclk_ofdata_to_platdata
                0x0000000000006030       0x16 drivers/built-in.o
 .text.rv1126_clk_ofdata_to_platdata
                0x0000000000006046       0x16 drivers/built-in.o
 .text.rv1126_pmuclk_bind
                0x000000000000605c       0x38 drivers/built-in.o
 .text.rv1126_clk_bind
                0x0000000000006094       0x64 drivers/built-in.o
 .text.rv1126_clk_get_rate
                0x00000000000060f8      0x20c drivers/built-in.o
 .text.rv1126_pmuclk_set_parent
                0x0000000000006304       0x3c drivers/built-in.o
 .text.rv1126_clk_set_parent
                0x0000000000006340       0xa8 drivers/built-in.o
 .text.rv1126_pmuclk_get_rate
                0x00000000000063e8       0xb0 drivers/built-in.o
 .text.rv1126_armclk_set_clk.isra.10
                0x0000000000006498       0x98 drivers/built-in.o
 .text.rv1126_pmuclk_probe
                0x0000000000006530       0x1c drivers/built-in.o
 .text.rv1126_pdaudio_set_clk
                0x000000000000654c       0x3a drivers/built-in.o
 .text.rv1126_pdpmu_set_pmuclk
                0x0000000000006586       0x3a drivers/built-in.o
 .text.rv1126_rtc32k_set_pmuclk
                0x00000000000065c0       0x98 drivers/built-in.o
 .text.rv1126_pmuclk_set_rate
                0x0000000000006658      0x1b4 drivers/built-in.o
 .text.rv1126_pdcore_set_clk
                0x000000000000680c       0x3c drivers/built-in.o
 .text.rv1126_clk_set_rate
                0x0000000000006848      0x4e4 drivers/built-in.o
 .text.rv1126_clk_probe
                0x0000000000006d2c      0x15c drivers/built-in.o
 .text.rv1126_mmc_get_phase
                0x0000000000006e88       0x80 drivers/built-in.o
                0x0000000000006e88                rv1126_mmc_get_phase
 .text.rv1126_clk_get_phase
                0x0000000000006f08       0x1e drivers/built-in.o
 *fill*         0x0000000000006f26        0x2 
 .text.rv1126_mmc_set_phase
                0x0000000000006f28       0xa0 drivers/built-in.o
                0x0000000000006f28                rv1126_mmc_set_phase
 .text.rv1126_clk_set_phase
                0x0000000000006fc8       0x1e drivers/built-in.o
 *fill*         0x0000000000006fe6        0x2 
 .text.device_bind_common.isra.0
                0x0000000000006fe8      0x268 drivers/built-in.o
 .text.alloc_priv
                0x0000000000007250       0x38 drivers/built-in.o
 .text.device_bind_with_driver_data
                0x0000000000007288       0x16 drivers/built-in.o
                0x0000000000007288                device_bind_with_driver_data
 .text.device_bind_by_name
                0x000000000000729e       0x4c drivers/built-in.o
                0x000000000000729e                device_bind_by_name
 *fill*         0x00000000000072ea        0x2 
 .text.device_probe
                0x00000000000072ec      0x15c drivers/built-in.o
                0x00000000000072ec                device_probe
 .text.dev_get_platdata
                0x0000000000007448        0x6 drivers/built-in.o
                0x0000000000007448                dev_get_platdata
 .text.dev_get_parent_platdata
                0x000000000000744e        0x6 drivers/built-in.o
                0x000000000000744e                dev_get_parent_platdata
 .text.dev_get_uclass_platdata
                0x0000000000007454        0x6 drivers/built-in.o
                0x0000000000007454                dev_get_uclass_platdata
 .text.dev_get_priv
                0x000000000000745a        0x6 drivers/built-in.o
                0x000000000000745a                dev_get_priv
 .text.dev_get_uclass_priv
                0x0000000000007460        0x6 drivers/built-in.o
                0x0000000000007460                dev_get_uclass_priv
 .text.dev_get_parent_priv
                0x0000000000007466        0x6 drivers/built-in.o
                0x0000000000007466                dev_get_parent_priv
 .text.device_find_first_child
                0x000000000000746c       0x14 drivers/built-in.o
                0x000000000000746c                device_find_first_child
 .text.device_find_next_child
                0x0000000000007480       0x16 drivers/built-in.o
                0x0000000000007480                device_find_next_child
 .text.dev_get_parent
                0x0000000000007496        0x4 drivers/built-in.o
                0x0000000000007496                dev_get_parent
 .text.dev_get_driver_data
                0x000000000000749a        0x4 drivers/built-in.o
                0x000000000000749a                dev_get_driver_data
 .text.device_get_uclass_id
                0x000000000000749e        0x8 drivers/built-in.o
                0x000000000000749e                device_get_uclass_id
 .text.device_set_name_alloced
                0x00000000000074a6        0xa drivers/built-in.o
                0x00000000000074a6                device_set_name_alloced
 .text.device_is_compatible
                0x00000000000074b0       0x42 drivers/built-in.o
                0x00000000000074b0                device_is_compatible
 *fill*         0x00000000000074f2        0x2 
 .text.devfdt_get_addr_index
                0x00000000000074f4       0x48 drivers/built-in.o
                0x00000000000074f4                devfdt_get_addr_index
 .text.devfdt_get_addr_size_index
                0x000000000000753c       0x2c drivers/built-in.o
                0x000000000000753c                devfdt_get_addr_size_index
 .text.lists_driver_lookup_name
                0x0000000000007568       0x2c drivers/built-in.o
                0x0000000000007568                lists_driver_lookup_name
 .text.lists_uclass_lookup
                0x0000000000007594       0x20 drivers/built-in.o
                0x0000000000007594                lists_uclass_lookup
 .text.lists_bind_drivers
                0x00000000000075b4       0x48 drivers/built-in.o
                0x00000000000075b4                lists_bind_drivers
 .text.device_bind_driver_to_node
                0x00000000000075fc       0x2c drivers/built-in.o
                0x00000000000075fc                device_bind_driver_to_node
 .text.device_bind_driver
                0x0000000000007628       0x18 drivers/built-in.o
                0x0000000000007628                device_bind_driver
 .text.lists_bind_fdt
                0x0000000000007640       0xb4 drivers/built-in.o
                0x0000000000007640                lists_bind_fdt
 .text.dm_scan_fdt_node
                0x00000000000076f4       0x66 drivers/built-in.o
 .text.dm_root  0x000000000000775a        0xc drivers/built-in.o
                0x000000000000775a                dm_root
 .text.dm_get_translation_offset
                0x0000000000007766        0xe drivers/built-in.o
                0x0000000000007766                dm_get_translation_offset
 .text.dm_init  0x0000000000007774       0x40 drivers/built-in.o
                0x0000000000007774                dm_init
 .text.dm_scan_platdata
                0x00000000000077b4       0x16 drivers/built-in.o
                0x00000000000077b4                dm_scan_platdata
 .text.dm_scan_fdt_dev
                0x00000000000077ca       0x2e drivers/built-in.o
                0x00000000000077ca                dm_scan_fdt_dev
 .text.dm_scan_fdt
                0x00000000000077f8       0x14 drivers/built-in.o
                0x00000000000077f8                dm_scan_fdt
 .text.dm_extended_scan_fdt
                0x000000000000780c       0x34 drivers/built-in.o
                0x000000000000780c                dm_extended_scan_fdt
 .text.dm_scan_other
                0x0000000000007840        0x4 drivers/built-in.o
                0x0000000000007840                dm_scan_other
 .text.dm_init_and_scan
                0x0000000000007844       0x2c drivers/built-in.o
                0x0000000000007844                dm_init_and_scan
 .text.uclass_find
                0x0000000000007870       0x34 drivers/built-in.o
                0x0000000000007870                uclass_find
 .text.uclass_get
                0x00000000000078a4       0x92 drivers/built-in.o
                0x00000000000078a4                uclass_get
 .text.uclass_find_device
                0x0000000000007936       0x42 drivers/built-in.o
                0x0000000000007936                uclass_find_device
 .text.uclass_find_first_device
                0x0000000000007978       0x22 drivers/built-in.o
                0x0000000000007978                uclass_find_first_device
 .text.uclass_find_next_device
                0x000000000000799a       0x18 drivers/built-in.o
                0x000000000000799a                uclass_find_next_device
 .text.uclass_find_device_by_seq
                0x00000000000079b2       0x54 drivers/built-in.o
                0x00000000000079b2                uclass_find_device_by_seq
 .text.uclass_find_device_by_of_offset
                0x0000000000007a06       0x42 drivers/built-in.o
                0x0000000000007a06                uclass_find_device_by_of_offset
 .text.uclass_find_device_by_ofnode
                0x0000000000007a48       0x50 drivers/built-in.o
                0x0000000000007a48                uclass_find_device_by_ofnode
 .text.uclass_get_device_by_driver
                0x0000000000007a98       0x40 drivers/built-in.o
                0x0000000000007a98                uclass_get_device_by_driver
 .text.uclass_get_device_tail
                0x0000000000007ad8       0x16 drivers/built-in.o
                0x0000000000007ad8                uclass_get_device_tail
 .text.uclass_get_device
                0x0000000000007aee       0x1c drivers/built-in.o
                0x0000000000007aee                uclass_get_device
 .text.uclass_get_device_by_of_offset
                0x0000000000007b0a       0x1c drivers/built-in.o
                0x0000000000007b0a                uclass_get_device_by_of_offset
 .text.uclass_get_device_by_ofnode
                0x0000000000007b26       0x1c drivers/built-in.o
                0x0000000000007b26                uclass_get_device_by_ofnode
 .text.uclass_get_device_by_phandle_id
                0x0000000000007b42       0x4e drivers/built-in.o
                0x0000000000007b42                uclass_get_device_by_phandle_id
 .text.uclass_get_device_by_phandle
                0x0000000000007b90       0x60 drivers/built-in.o
                0x0000000000007b90                uclass_get_device_by_phandle
 .text.uclass_first_device
                0x0000000000007bf0       0x1e drivers/built-in.o
                0x0000000000007bf0                uclass_first_device
 .text.uclass_first_device_err
                0x0000000000007c0e       0x16 drivers/built-in.o
                0x0000000000007c0e                uclass_first_device_err
 .text.uclass_next_device
                0x0000000000007c24       0x24 drivers/built-in.o
                0x0000000000007c24                uclass_next_device
 .text.uclass_bind_device
                0x0000000000007c48       0x3a drivers/built-in.o
                0x0000000000007c48                uclass_bind_device
 .text.uclass_resolve_seq
                0x0000000000007c82       0x52 drivers/built-in.o
                0x0000000000007c82                uclass_resolve_seq
 .text.uclass_pre_probe_device
                0x0000000000007cd4       0x2e drivers/built-in.o
                0x0000000000007cd4                uclass_pre_probe_device
 .text.uclass_post_probe_device
                0x0000000000007d02        0xe drivers/built-in.o
                0x0000000000007d02                uclass_post_probe_device
 .text.dm_fdt_pre_reloc
                0x0000000000007d10       0x30 drivers/built-in.o
                0x0000000000007d10                dm_fdt_pre_reloc
 .text.simple_bus_post_bind
                0x0000000000007d40       0x30 drivers/built-in.o
 .text.simple_bus_translate
                0x0000000000007d70       0x20 drivers/built-in.o
                0x0000000000007d70                simple_bus_translate
 .text.regmap_init_mem
                0x0000000000007d90       0xcc drivers/built-in.o
                0x0000000000007d90                regmap_init_mem
 .text.regmap_get_range
                0x0000000000007e5c       0x10 drivers/built-in.o
                0x0000000000007e5c                regmap_get_range
 .text.regmap_read
                0x0000000000007e6c        0xe drivers/built-in.o
                0x0000000000007e6c                regmap_read
 .text.regmap_write
                0x0000000000007e7a        0xc drivers/built-in.o
                0x0000000000007e7a                regmap_write
 .text.syscon_pre_probe
                0x0000000000007e86       0x14 drivers/built-in.o
 .text.syscon_get_regmap
                0x0000000000007e9a       0x1c drivers/built-in.o
                0x0000000000007e9a                syscon_get_regmap
 .text.syscon_get_by_driver_data
                0x0000000000007eb6       0x42 drivers/built-in.o
                0x0000000000007eb6                syscon_get_by_driver_data
 .text.syscon_get_regmap_by_driver_data
                0x0000000000007ef8       0x18 drivers/built-in.o
                0x0000000000007ef8                syscon_get_regmap_by_driver_data
 .text.syscon_get_first_range
                0x0000000000007f10       0x18 drivers/built-in.o
                0x0000000000007f10                syscon_get_first_range
 .text.of_find_property
                0x0000000000007f28       0x34 drivers/built-in.o
                0x0000000000007f28                of_find_property
 .text.of_find_property_value_of_size
                0x0000000000007f5c       0x2a drivers/built-in.o
 .text.of_find_all_nodes
                0x0000000000007f86       0x1c drivers/built-in.o
                0x0000000000007f86                of_find_all_nodes
 .text.of_get_property
                0x0000000000007fa2        0xc drivers/built-in.o
                0x0000000000007fa2                of_get_property
 *fill*         0x0000000000007fae        0x2 
 .text.of_n_addr_cells
                0x0000000000007fb0       0x30 drivers/built-in.o
                0x0000000000007fb0                of_n_addr_cells
 .text.of_n_size_cells
                0x0000000000007fe0       0x30 drivers/built-in.o
                0x0000000000007fe0                of_n_size_cells
 .text.of_simple_addr_cells
                0x0000000000008010       0x1c drivers/built-in.o
                0x0000000000008010                of_simple_addr_cells
 .text.of_simple_size_cells
                0x000000000000802c       0x1c drivers/built-in.o
                0x000000000000802c                of_simple_size_cells
 .text.of_device_is_compatible
                0x0000000000008048       0xa4 drivers/built-in.o
                0x0000000000008048                of_device_is_compatible
 .text.of_get_parent
                0x00000000000080ec        0x6 drivers/built-in.o
                0x00000000000080ec                of_get_parent
 *fill*         0x00000000000080f2        0x2 
 .text.of_find_node_opts_by_path
                0x00000000000080f4       0xf8 drivers/built-in.o
                0x00000000000080f4                of_find_node_opts_by_path
 .text.of_find_node_by_phandle
                0x00000000000081ec       0x20 drivers/built-in.o
                0x00000000000081ec                of_find_node_by_phandle
 .text.of_read_u32
                0x000000000000820c       0x22 drivers/built-in.o
                0x000000000000820c                of_read_u32
 *fill*         0x000000000000822e        0x2 
 .text.__of_parse_phandle_with_args.constprop.1
                0x0000000000008230       0xdc drivers/built-in.o
 .text.of_read_u32_array
                0x000000000000830c       0x2a drivers/built-in.o
                0x000000000000830c                of_read_u32_array
 .text.of_property_match_string
                0x0000000000008336       0x54 drivers/built-in.o
                0x0000000000008336                of_property_match_string
 .text.of_property_read_string_helper
                0x000000000000838a       0x6c drivers/built-in.o
                0x000000000000838a                of_property_read_string_helper
 .text.of_parse_phandle_with_args
                0x00000000000083f6       0x14 drivers/built-in.o
                0x00000000000083f6                of_parse_phandle_with_args
 .text.of_count_phandle_with_args
                0x000000000000840a       0x14 drivers/built-in.o
                0x000000000000840a                of_count_phandle_with_args
 *fill*         0x000000000000841e        0x2 
 .text.of_alias_get_id
                0x0000000000008420       0x34 drivers/built-in.o
                0x0000000000008420                of_alias_get_id
 .text.of_bus_default_map
                0x0000000000008454       0xa6 drivers/built-in.o
 .text.of_bus_default_get_flags
                0x00000000000084fa        0x6 drivers/built-in.o
 .text.of_bus_default_count_cells
                0x0000000000008500       0x1c drivers/built-in.o
 .text.of_match_bus
                0x000000000000851c       0x38 drivers/built-in.o
 .text.of_bus_default_translate
                0x0000000000008554       0x78 drivers/built-in.o
 .text.of_get_address
                0x00000000000085cc       0xd8 drivers/built-in.o
                0x00000000000085cc                of_get_address
 .text.of_translate_address
                0x00000000000086a4      0x15c drivers/built-in.o
                0x00000000000086a4                of_translate_address
 .text.of_address_to_resource
                0x0000000000008800       0x84 drivers/built-in.o
                0x0000000000008800                of_address_to_resource
 .text.dev_read_u32_default
                0x0000000000008884        0xa drivers/built-in.o
                0x0000000000008884                dev_read_u32_default
 .text.dev_read_bool
                0x000000000000888e        0xa drivers/built-in.o
                0x000000000000888e                dev_read_bool
 .text.dev_read_first_subnode
                0x0000000000008898        0xa drivers/built-in.o
                0x0000000000008898                dev_read_first_subnode
 .text.dev_read_size
                0x00000000000088a2        0xa drivers/built-in.o
                0x00000000000088a2                dev_read_size
 .text.dev_read_addr_index
                0x00000000000088ac       0x2c drivers/built-in.o
                0x00000000000088ac                dev_read_addr_index
 .text.dev_read_addr
                0x00000000000088d8        0x6 drivers/built-in.o
                0x00000000000088d8                dev_read_addr
 .text.dev_read_addr_ptr
                0x00000000000088de       0x10 drivers/built-in.o
                0x00000000000088de                dev_read_addr_ptr
 .text.dev_read_addr_size
                0x00000000000088ee        0xa drivers/built-in.o
                0x00000000000088ee                dev_read_addr_size
 .text.dev_read_stringlist_search
                0x00000000000088f8        0xa drivers/built-in.o
                0x00000000000088f8                dev_read_stringlist_search
 .text.dev_read_phandle_with_args
                0x0000000000008902       0x14 drivers/built-in.o
                0x0000000000008902                dev_read_phandle_with_args
 .text.dev_count_phandle_with_args
                0x0000000000008916        0xa drivers/built-in.o
                0x0000000000008916                dev_count_phandle_with_args
 .text.dev_read_simple_addr_cells
                0x0000000000008920        0xa drivers/built-in.o
                0x0000000000008920                dev_read_simple_addr_cells
 .text.dev_read_simple_size_cells
                0x000000000000892a        0xa drivers/built-in.o
                0x000000000000892a                dev_read_simple_size_cells
 .text.dev_read_phandle
                0x0000000000008934       0x26 drivers/built-in.o
                0x0000000000008934                dev_read_phandle
 .text.dev_read_prop
                0x000000000000895a        0xa drivers/built-in.o
                0x000000000000895a                dev_read_prop
 .text.dev_read_alias_seq
                0x0000000000008964       0x42 drivers/built-in.o
                0x0000000000008964                dev_read_alias_seq
 .text.dev_read_u32_array
                0x00000000000089a6       0x24 drivers/built-in.o
                0x00000000000089a6                dev_read_u32_array
 .text.ofnode_read_u32
                0x00000000000089ca       0x52 drivers/built-in.o
                0x00000000000089ca                ofnode_read_u32
 .text.ofnode_read_u32_default
                0x0000000000008a1c       0x1a drivers/built-in.o
                0x0000000000008a1c                ofnode_read_u32_default
 .text.ofnode_read_string
                0x0000000000008a36       0x62 drivers/built-in.o
                0x0000000000008a36                ofnode_read_string
 .text.ofnode_read_u32_array
                0x0000000000008a98       0x3e drivers/built-in.o
                0x0000000000008a98                ofnode_read_u32_array
 .text.ofnode_first_subnode
                0x0000000000008ad6       0x38 drivers/built-in.o
                0x0000000000008ad6                ofnode_first_subnode
 .text.ofnode_next_subnode
                0x0000000000008b0e       0x38 drivers/built-in.o
                0x0000000000008b0e                ofnode_next_subnode
 .text.ofnode_get_name
                0x0000000000008b46       0x4a drivers/built-in.o
                0x0000000000008b46                ofnode_get_name
 .text.ofnode_get_by_phandle
                0x0000000000008b90       0x1a drivers/built-in.o
                0x0000000000008b90                ofnode_get_by_phandle
 .text.ofnode_read_size
                0x0000000000008baa       0x46 drivers/built-in.o
                0x0000000000008baa                ofnode_read_size
 .text.ofnode_get_addr_index
                0x0000000000008bf0       0x60 drivers/built-in.o
                0x0000000000008bf0                ofnode_get_addr_index
 .text.ofnode_stringlist_search
                0x0000000000008c50       0x46 drivers/built-in.o
                0x0000000000008c50                ofnode_stringlist_search
 .text.ofnode_parse_phandle_with_args
                0x0000000000008c96       0x74 drivers/built-in.o
                0x0000000000008c96                ofnode_parse_phandle_with_args
 .text.ofnode_count_phandle_with_args
                0x0000000000008d0a       0x46 drivers/built-in.o
                0x0000000000008d0a                ofnode_count_phandle_with_args
 .text.ofnode_path
                0x0000000000008d50       0x26 drivers/built-in.o
                0x0000000000008d50                ofnode_path
 .text.ofnode_get_property
                0x0000000000008d76       0x32 drivers/built-in.o
                0x0000000000008d76                ofnode_get_property
 .text.ofnode_read_bool
                0x0000000000008da8       0x14 drivers/built-in.o
                0x0000000000008da8                ofnode_read_bool
 .text.ofnode_get_addr_size
                0x0000000000008dbc       0x8e drivers/built-in.o
                0x0000000000008dbc                ofnode_get_addr_size
 .text.ofnode_read_simple_addr_cells
                0x0000000000008e4a       0x28 drivers/built-in.o
                0x0000000000008e4a                ofnode_read_simple_addr_cells
 .text.ofnode_read_simple_size_cells
                0x0000000000008e72       0x28 drivers/built-in.o
                0x0000000000008e72                ofnode_read_simple_size_cells
 *fill*         0x0000000000008e9a        0x2 
 .text.ofnode_pre_reloc
                0x0000000000008e9c       0x24 drivers/built-in.o
                0x0000000000008e9c                ofnode_pre_reloc
 .text.crypto_algo_nbits
                0x0000000000008ec0       0x94 drivers/built-in.o
                0x0000000000008ec0                crypto_algo_nbits
 .text.crypto_get_device
                0x0000000000008f54       0x40 drivers/built-in.o
                0x0000000000008f54                crypto_get_device
 .text.crypto_sha_init
                0x0000000000008f94       0x1c drivers/built-in.o
                0x0000000000008f94                crypto_sha_init
 .text.crypto_sha_update
                0x0000000000008fb0       0x1e drivers/built-in.o
                0x0000000000008fb0                crypto_sha_update
 *fill*         0x0000000000008fce        0x2 
 .text.crypto_sha_final
                0x0000000000008fd0       0x80 drivers/built-in.o
                0x0000000000008fd0                crypto_sha_final
 .text.crypto_sha_csum
                0x0000000000009050       0x32 drivers/built-in.o
                0x0000000000009050                crypto_sha_csum
 .text.mod_exp_sw
                0x0000000000009082        0xc drivers/built-in.o
                0x0000000000009082                mod_exp_sw
 *fill*         0x000000000000908e        0x2 
 .text.hw_hash_clean_ctx
                0x0000000000009090       0x2c drivers/built-in.o
 .text.rockchip_crypto_rsa_verify
                0x00000000000090bc       0xf6 drivers/built-in.o
 .text.rockchip_crypto_capability
                0x00000000000091b2       0x14 drivers/built-in.o
 *fill*         0x00000000000091c6        0x2 
 .text.rockchip_crypto_sha_init
                0x00000000000091c8      0x134 drivers/built-in.o
 .text.rk_hash_direct_calc
                0x00000000000092fc       0xe0 drivers/built-in.o
 .text.rockchip_crypto_ofdata_to_platdata
                0x00000000000093dc       0xb4 drivers/built-in.o
 .text.rockchip_crypto_probe
                0x0000000000009490       0xb8 drivers/built-in.o
 .text.rk_hash_update
                0x0000000000009548       0x30 drivers/built-in.o
                0x0000000000009548                rk_hash_update
 .text.rockchip_crypto_sha_update
                0x0000000000009578       0x48 drivers/built-in.o
 .text.rk_hash_final
                0x00000000000095c0       0xe8 drivers/built-in.o
                0x00000000000095c0                rk_hash_final
 .text.rockchip_crypto_sha_final
                0x00000000000096a8       0x40 drivers/built-in.o
 .text.crypto_flush_cacheline
                0x00000000000096e8       0x1c drivers/built-in.o
                0x00000000000096e8                crypto_flush_cacheline
 .text.crypto_hash_cache_alloc
                0x0000000000009704       0x36 drivers/built-in.o
                0x0000000000009704                crypto_hash_cache_alloc
 .text.crypto_hash_cache_free
                0x000000000000973a        0x2 drivers/built-in.o
                0x000000000000973a                crypto_hash_cache_free
 .text.crypto_hash_update_with_cache
                0x000000000000973c      0x12c drivers/built-in.o
                0x000000000000973c                crypto_hash_update_with_cache
 .text.mpa_highest_bit_index
                0x0000000000009868       0x40 drivers/built-in.o
 .text.rk_check_size
                0x00000000000098a8       0x16 drivers/built-in.o
 *fill*         0x00000000000098be        0x2 
 .text.rk_pka_ram_ctrl_enable
                0x00000000000098c0       0x18 drivers/built-in.o
                0x00000000000098c0                rk_pka_ram_ctrl_enable
 .text.rk_pka_ram_ctrl_disable
                0x00000000000098d8       0x18 drivers/built-in.o
                0x00000000000098d8                rk_pka_ram_ctrl_disable
 .text.rk_pka_wait_on_ram_ready
                0x00000000000098f0       0x18 drivers/built-in.o
                0x00000000000098f0                rk_pka_wait_on_ram_ready
 .text.rk_pka_wait_on_pipe_ready
                0x0000000000009908       0x18 drivers/built-in.o
                0x0000000000009908                rk_pka_wait_on_pipe_ready
 .text.rk_pka_wait_on_done
                0x0000000000009920       0x18 drivers/built-in.o
                0x0000000000009920                rk_pka_wait_on_done
 .text.rk_pka_get_status_div_byzero
                0x0000000000009938       0x20 drivers/built-in.o
                0x0000000000009938                rk_pka_get_status_div_byzero
 .text.rk_pka_read_regsize
                0x0000000000009958       0x20 drivers/built-in.o
                0x0000000000009958                rk_pka_read_regsize
 .text.rk_pka_get_regaddr
                0x0000000000009978       0x18 drivers/built-in.o
                0x0000000000009978                rk_pka_get_regaddr
 .text.rk_pka_read_regaddr
                0x0000000000009990       0x20 drivers/built-in.o
                0x0000000000009990                rk_pka_read_regaddr
 .text.rk_pka_make_full_opcode
                0x00000000000099b0       0x4e drivers/built-in.o
                0x00000000000099b0                rk_pka_make_full_opcode
 *fill*         0x00000000000099fe        0x2 
 .text.rk_pka_hw_load_block2pka_mem
                0x0000000000009a00       0x28 drivers/built-in.o
                0x0000000000009a00                rk_pka_hw_load_block2pka_mem
 .text.rk_pka_hw_clear_pka_mem
                0x0000000000009a28       0x28 drivers/built-in.o
                0x0000000000009a28                rk_pka_hw_clear_pka_mem
 .text.rk_pka_hw_read_block_from_pka_mem
                0x0000000000009a50       0x2c drivers/built-in.o
                0x0000000000009a50                rk_pka_hw_read_block_from_pka_mem
 .text.rk_pka_exec_operation
                0x0000000000009a7c       0x70 drivers/built-in.o
                0x0000000000009a7c                rk_pka_exec_operation
 .text.rk_pka_set_sizes_tab
                0x0000000000009aec       0x74 drivers/built-in.o
                0x0000000000009aec                rk_pka_set_sizes_tab
 .text.rk_pka_set_map_tab
                0x0000000000009b60       0xb4 drivers/built-in.o
                0x0000000000009b60                rk_pka_set_map_tab
 .text.rk_pka_clear_block_of_regs
                0x0000000000009c14       0x90 drivers/built-in.o
                0x0000000000009c14                rk_pka_clear_block_of_regs
 .text.rk_pka_init
                0x0000000000009ca4       0x78 drivers/built-in.o
                0x0000000000009ca4                rk_pka_init
 .text.rk_pka_finish
                0x0000000000009d1c       0x1e drivers/built-in.o
                0x0000000000009d1c                rk_pka_finish
 .text.rk_pka_copy_data_into_reg
                0x0000000000009d3a       0x58 drivers/built-in.o
                0x0000000000009d3a                rk_pka_copy_data_into_reg
 *fill*         0x0000000000009d92        0x2 
 .text.rk_pka_copy_data_from_reg
                0x0000000000009d94       0x34 drivers/built-in.o
                0x0000000000009d94                rk_pka_copy_data_from_reg
 .text.rk_pka_div_long_num
                0x0000000000009dc8       0xf2 drivers/built-in.o
                0x0000000000009dc8                rk_pka_div_long_num
 .text.rk_pka_calcNp_and_initmodop
                0x0000000000009eba       0xb6 drivers/built-in.o
                0x0000000000009eba                rk_pka_calcNp_and_initmodop
 .text.rk_calcNp_and_initmodop
                0x0000000000009f70       0x4e drivers/built-in.o
                0x0000000000009f70                rk_calcNp_and_initmodop
 .text.rk_mpa_alloc
                0x0000000000009fbe       0x28 drivers/built-in.o
                0x0000000000009fbe                rk_mpa_alloc
 .text.rk_mpa_free
                0x0000000000009fe6        0x2 drivers/built-in.o
                0x0000000000009fe6                rk_mpa_free
 .text.rk_mod   0x0000000000009fe8       0xd4 drivers/built-in.o
                0x0000000000009fe8                rk_mod
 .text.rk_exptmod_np
                0x000000000000a0bc      0x1dc drivers/built-in.o
                0x000000000000a0bc                rk_exptmod_np
 .text.util_word_memcpy
                0x000000000000a298       0x16 drivers/built-in.o
                0x000000000000a298                util_word_memcpy
 .text.util_word_memset
                0x000000000000a2ae       0x10 drivers/built-in.o
                0x000000000000a2ae                util_word_memset
 .text.misc_read
                0x000000000000a2be       0x18 drivers/built-in.o
                0x000000000000a2be                misc_read
 .text.misc_ioctl
                0x000000000000a2d6       0x10 drivers/built-in.o
                0x000000000000a2d6                misc_ioctl
 .text.misc_get_device_by_capability
                0x000000000000a2e6       0x4a drivers/built-in.o
                0x000000000000a2e6                misc_get_device_by_capability
 .text.misc_otp_get_device
                0x000000000000a330        0x4 drivers/built-in.o
                0x000000000000a330                misc_otp_get_device
 .text.misc_otp_read
                0x000000000000a334        0x4 drivers/built-in.o
                0x000000000000a334                misc_otp_read
 .text.misc_decompress_finish.isra.0
                0x000000000000a338       0x38 drivers/built-in.o
 .text.misc_decompress_async
                0x000000000000a370       0x24 drivers/built-in.o
                0x000000000000a370                misc_decompress_async
 .text.misc_decompress_sync
                0x000000000000a394       0x24 drivers/built-in.o
                0x000000000000a394                misc_decompress_sync
 .text.misc_decompress_cleanup
                0x000000000000a3b8       0x74 drivers/built-in.o
                0x000000000000a3b8                misc_decompress_cleanup
 .text.misc_decompress_process
                0x000000000000a42c      0x130 drivers/built-in.o
                0x000000000000a42c                misc_decompress_process
 .text.rockchip_otp_probe
                0x000000000000a55c       0x20 drivers/built-in.o
 .text.rockchip_otp_read
                0x000000000000a57c       0x2c drivers/built-in.o
 .text.rockchip_otp_ofdata_to_platdata
                0x000000000000a5a8       0x16 drivers/built-in.o
 *fill*         0x000000000000a5be        0x2 
 .text.rockchip_rv1126_otp_read
                0x000000000000a5c0       0x8c drivers/built-in.o
 .text.rockchip_rv1126_otp_init
                0x000000000000a64c       0x98 drivers/built-in.o
 .text.rk3308bs_otp_wait_status.isra.0
                0x000000000000a6e4       0x48 drivers/built-in.o
 .text.rockchip_rk3308bs_otp_read
                0x000000000000a72c      0x1a0 drivers/built-in.o
 .text.rockchip_otp_wait_status.isra.2
                0x000000000000a8cc       0x48 drivers/built-in.o
 .text.rockchip_otp_ecc_enable.constprop.5
                0x000000000000a914       0x64 drivers/built-in.o
 .text.rockchip_px30_otp_read
                0x000000000000a978       0xb0 drivers/built-in.o
 .text.rockchip_rk3568_otp_read
                0x000000000000aa28      0x108 drivers/built-in.o
 .text.rockchip_secure_otp_v2_ioctl
                0x000000000000ab30       0x14 drivers/built-in.o
 .text.rockchip_secure_otp_v2_read
                0x000000000000ab44       0xbc drivers/built-in.o
 .text.rockchip_secure_otp_v2_ofdata_to_platdata
                0x000000000000ac00       0x28 drivers/built-in.o
 .text.rockchip_secure_otp_v2_write
                0x000000000000ac28      0x128 drivers/built-in.o
 .text.rockchip_decom_ioctl
                0x000000000000ad50      0x10c drivers/built-in.o
 .text.rockchip_decom_ofdata_to_platdata
                0x000000000000ae5c       0x30 drivers/built-in.o
 .text.rockchip_decom_probe
                0x000000000000ae8c       0x40 drivers/built-in.o
 .text.sysreset_request
                0x000000000000aecc       0x10 drivers/built-in.o
                0x000000000000aecc                sysreset_request
 .text.sysreset_walk
                0x000000000000aedc       0x3e drivers/built-in.o
                0x000000000000aedc                sysreset_walk
 .text.sysreset_walk_halt
                0x000000000000af1a       0x1e drivers/built-in.o
                0x000000000000af1a                sysreset_walk_halt
 .text.reboot   0x000000000000af38        0xc drivers/built-in.o
                0x000000000000af38                reboot
 .text.do_reset
                0x000000000000af44        0xe drivers/built-in.o
                0x000000000000af44                do_reset
 .text.rockchip_sysreset_request
                0x000000000000af52       0x42 drivers/built-in.o
                0x000000000000af52                rockchip_sysreset_request
 .text.psci_probe
                0x000000000000af94       0x68 drivers/built-in.o
 .text.__invoke_psci_fn_smc
                0x000000000000affc       0x1e drivers/built-in.o
 .text.__invoke_psci_fn_hvc
                0x000000000000b01a       0x1e drivers/built-in.o
 .text.psci_bind
                0x000000000000b038       0x38 drivers/built-in.o
 .text.mmc_send_op_cond_iter
                0x000000000000b070       0x44 drivers/built-in.o
 .text.mmc_read_blocks
                0x000000000000b0b4       0x70 drivers/built-in.o
 .text.mmc_go_idle
                0x000000000000b124       0x32 drivers/built-in.o
 .text.mmc_set_capacity
                0x000000000000b156       0x6e drivers/built-in.o
 .text.__mmc_switch.isra.3
                0x000000000000b1c4       0xc0 drivers/built-in.o
 .text.mmc_send_ext_csd
                0x000000000000b284       0x5c drivers/built-in.o
 .text.mmc_select_bus_width
                0x000000000000b2e0       0xe0 drivers/built-in.o
 .text.mmc_send_status
                0x000000000000b3c0       0x84 drivers/built-in.o
                0x000000000000b3c0                mmc_send_status
 .text.mmc_set_blocklen
                0x000000000000b444       0x30 drivers/built-in.o
                0x000000000000b444                mmc_set_blocklen
 .text.mmc_set_clock
                0x000000000000b474       0x1c drivers/built-in.o
                0x000000000000b474                mmc_set_clock
 .text.mmc_set_bus_speed
                0x000000000000b490       0x3c drivers/built-in.o
 .text.mmc_startup
                0x000000000000b4cc      0x95c drivers/built-in.o
 .text.mmc_send_tuning
                0x000000000000be28       0x78 drivers/built-in.o
                0x000000000000be28                mmc_send_tuning
 .text.mmc_switch_part
                0x000000000000bea0       0x40 drivers/built-in.o
                0x000000000000bea0                mmc_switch_part
 .text.mmc_start_init
                0x000000000000bee0      0x170 drivers/built-in.o
                0x000000000000bee0                mmc_start_init
 .text.mmc_init
                0x000000000000c050       0xc8 drivers/built-in.o
                0x000000000000c050                mmc_init
 .text.mmc_bread
                0x000000000000c118       0xc4 drivers/built-in.o
                0x000000000000c118                mmc_bread
 .text.mmc_initialize
                0x000000000000c1dc       0x18 drivers/built-in.o
                0x000000000000c1dc                mmc_initialize
 .text.mmc_blk_probe
                0x000000000000c1f4       0x14 drivers/built-in.o
 .text.mmc_card_busy
                0x000000000000c208       0x12 drivers/built-in.o
                0x000000000000c208                mmc_card_busy
 .text.mmc_can_card_busy
                0x000000000000c21a       0x12 drivers/built-in.o
                0x000000000000c21a                mmc_can_card_busy
 .text.dm_mmc_set_ios
                0x000000000000c22c       0x10 drivers/built-in.o
                0x000000000000c22c                dm_mmc_set_ios
 .text.mmc_set_ios
                0x000000000000c23c        0x8 drivers/built-in.o
                0x000000000000c23c                mmc_set_ios
 .text.dm_mmc_get_cd
                0x000000000000c244       0x10 drivers/built-in.o
                0x000000000000c244                dm_mmc_get_cd
 .text.mmc_getcd
                0x000000000000c254        0x8 drivers/built-in.o
                0x000000000000c254                mmc_getcd
 .text.mmc_get_mmc_dev
                0x000000000000c25c       0x16 drivers/built-in.o
                0x000000000000c25c                mmc_get_mmc_dev
 *fill*         0x000000000000c272        0x2 
 .text.dm_mmc_send_cmd
                0x000000000000c274       0x40 drivers/built-in.o
                0x000000000000c274                dm_mmc_send_cmd
 .text.mmc_send_cmd
                0x000000000000c2b4        0x8 drivers/built-in.o
                0x000000000000c2b4                mmc_send_cmd
 .text.mmc_select_hwpart
                0x000000000000c2bc       0x3a drivers/built-in.o
 *fill*         0x000000000000c2f6        0x2 
 .text.find_mmc_device
                0x000000000000c2f8       0x30 drivers/built-in.o
                0x000000000000c2f8                find_mmc_device
 .text.mmc_get_blk_desc
                0x000000000000c328       0x1a drivers/built-in.o
                0x000000000000c328                mmc_get_blk_desc
 .text.mmc_do_preinit
                0x000000000000c342       0x38 drivers/built-in.o
                0x000000000000c342                mmc_do_preinit
 *fill*         0x000000000000c37a        0x2 
 .text.mmc_bind
                0x000000000000c37c       0x74 drivers/built-in.o
                0x000000000000c37c                mmc_bind
 .text.mmc_erase_t
                0x000000000000c3f0       0x94 drivers/built-in.o
 .text.mmc_berase
                0x000000000000c484       0xd8 drivers/built-in.o
                0x000000000000c484                mmc_berase
 .text.mmc_bwrite
                0x000000000000c55c      0x108 drivers/built-in.o
                0x000000000000c55c                mmc_bwrite
 .text.dwmci_execute_tuning
                0x000000000000c664       0x1c drivers/built-in.o
 .text.dwmci_card_busy
                0x000000000000c680       0x16 drivers/built-in.o
 *fill*         0x000000000000c696        0x2 
 .text.dwmci_get_cd
                0x000000000000c698       0x28 drivers/built-in.o
 .text.dwmci_wait_reset.isra.0
                0x000000000000c6c0       0x24 drivers/built-in.o
 .text.dwmci_setup_bus.part.2
                0x000000000000c6e4       0x9c drivers/built-in.o
 .text.dwmci_set_ios
                0x000000000000c780       0x62 drivers/built-in.o
 .text.dwmci_memcpy_fromio
                0x000000000000c7e2       0x4a drivers/built-in.o
                0x000000000000c7e2                dwmci_memcpy_fromio
 .text.dwmci_memcpy_toio
                0x000000000000c82c       0x4a drivers/built-in.o
                0x000000000000c82c                dwmci_memcpy_toio
 *fill*         0x000000000000c876        0x2 
 .text.dwmci_send_cmd
                0x000000000000c878      0x478 drivers/built-in.o
 .text.dwmci_probe
                0x000000000000ccf0       0xf8 drivers/built-in.o
                0x000000000000ccf0                dwmci_probe
 .text.dwmci_setup_cfg
                0x000000000000cde8       0x58 drivers/built-in.o
                0x000000000000cde8                dwmci_setup_cfg
 .text.dwmci_bind
                0x000000000000ce40        0x4 drivers/built-in.o
                0x000000000000ce40                dwmci_bind
 .text.rockchip_dwmmc_ofdata_to_platdata
                0x000000000000ce44       0xa8 drivers/built-in.o
 .text.rockchip_dwmmc_get_mmc_clk
                0x000000000000ceec       0x2c drivers/built-in.o
 .text.rockchip_dwmmc_execute_tuning
                0x000000000000cf18       0xa0 drivers/built-in.o
 .text.rockchip_dwmmc_bind
                0x000000000000cfb8       0x18 drivers/built-in.o
 .text.mmc_gpio_init_direct
                0x000000000000cfd0        0x2 drivers/built-in.o
                0x000000000000cfd0                mmc_gpio_init_direct
 *fill*         0x000000000000cfd2        0x2 
 .text.rockchip_dwmmc_probe
                0x000000000000cfd4       0xc4 drivers/built-in.o
 .text.rockchip_nand_wait_dev_ready
                0x000000000000d098       0x1e drivers/built-in.o
 *fill*         0x000000000000d0b6        0x2 
 .text.rockchip_nandc_bind
                0x000000000000d0b8       0x3c drivers/built-in.o
 .text.rockchip_nandc_probe
                0x000000000000d0f4      0x294 drivers/built-in.o
 .text.nandc_read_page
                0x000000000000d388      0x190 drivers/built-in.o
 .text.spl_nand_read_page
                0x000000000000d518       0xb0 drivers/built-in.o
 .text.spl_nand_block_isbad
                0x000000000000d5c8       0xe0 drivers/built-in.o
 .text.nand_spl_load_image
                0x000000000000d6a8        0x6 drivers/built-in.o
                0x000000000000d6a8                nand_spl_load_image
 .text.nand_init
                0x000000000000d6ae        0x2 drivers/built-in.o
                0x000000000000d6ae                nand_init
 .text.nand_deselect
                0x000000000000d6b0        0x2 drivers/built-in.o
                0x000000000000d6b0                nand_deselect
 *fill*         0x000000000000d6b2        0x2 
 .text.pinconfig_post_bind
                0x000000000000d6b4       0x88 drivers/built-in.o
 .text.pinctrl_post_bind
                0x000000000000d73c       0x18 drivers/built-in.o
 .text.pinctrl_select_state
                0x000000000000d754       0xc0 drivers/built-in.o
                0x000000000000d754                pinctrl_select_state
 .text.rockchip_get_recalced_mux
                0x000000000000d814       0x98 drivers/built-in.o
                0x000000000000d860                rockchip_get_recalced_mux
 .text.px30_calc_pull_reg_and_bit
                0x000000000000d8ac       0x48 drivers/built-in.o
 .text.px30_calc_drv_reg_and_bit
                0x000000000000d8f4       0x48 drivers/built-in.o
 .text.px30_calc_schmitt_reg_and_bit
                0x000000000000d93c       0x4a drivers/built-in.o
 .text.rv1108_calc_pull_reg_and_bit
                0x000000000000d986       0x4a drivers/built-in.o
 .text.rv1108_calc_drv_reg_and_bit
                0x000000000000d9d0       0x4a drivers/built-in.o
 .text.rv1108_calc_schmitt_reg_and_bit
                0x000000000000da1a       0x4e drivers/built-in.o
 .text.rv1126_calc_pull_reg_and_bit
                0x000000000000da68       0x74 drivers/built-in.o
 .text.rv1126_calc_drv_reg_and_bit
                0x000000000000dadc       0x70 drivers/built-in.o
 .text.rv1126_calc_schmitt_reg_and_bit
                0x000000000000db4c       0x74 drivers/built-in.o
 .text.rk1808_calc_pull_reg_and_bit
                0x000000000000dbc0       0x42 drivers/built-in.o
 .text.rk1808_calc_drv_reg_and_bit
                0x000000000000dc02       0x42 drivers/built-in.o
 .text.rk1808_calc_schmitt_reg_and_bit
                0x000000000000dc44       0x4a drivers/built-in.o
 .text.rk3128_calc_pull_reg_and_bit
                0x000000000000dc8e       0x3a drivers/built-in.o
 .text.rk2928_calc_pull_reg_and_bit
                0x000000000000dcc8        0x4 drivers/built-in.o
 .text.rk3188_calc_pull_reg_and_bit
                0x000000000000dccc       0x68 drivers/built-in.o
 .text.rk3288_calc_pull_reg_and_bit
                0x000000000000dd34       0x52 drivers/built-in.o
 .text.rk3288_calc_drv_reg_and_bit
                0x000000000000dd86       0x52 drivers/built-in.o
 .text.rk3228_calc_drv_reg_and_bit
                0x000000000000ddd8       0x3a drivers/built-in.o
 .text.rk3308_calc_pull_reg_and_bit
                0x000000000000de12       0x3a drivers/built-in.o
 .text.rk3308_calc_drv_reg_and_bit
                0x000000000000de4c       0x3a drivers/built-in.o
 .text.rk3228_calc_pull_reg_and_bit
                0x000000000000de86        0x4 drivers/built-in.o
 .text.rk3308_calc_schmitt_reg_and_bit
                0x000000000000de8a       0x3a drivers/built-in.o
 .text.rk3368_calc_pull_reg_and_bit
                0x000000000000dec4       0x52 drivers/built-in.o
 .text.rk3368_calc_drv_reg_and_bit
                0x000000000000df16       0x52 drivers/built-in.o
 .text.rk3399_calc_pull_reg_and_bit
                0x000000000000df68       0x4a drivers/built-in.o
 .text.rk3399_calc_drv_reg_and_bit
                0x000000000000dfb2       0x50 drivers/built-in.o
 .text.rk3328_calc_schmitt_reg_and_bit
                0x000000000000e002       0x3c drivers/built-in.o
 .text.px30_calc_slew_rate_reg_and_bit
                0x000000000000e03e       0x4a drivers/built-in.o
 .text.rockchip_pinctrl_get_pins_count
                0x000000000000e088       0x18 drivers/built-in.o
 .text.rockchip_pinctrl_get_gpio_mux
                0x000000000000e0a0      0x1b0 drivers/built-in.o
 .text.rockchip_set_pull
                0x000000000000e250       0xe0 drivers/built-in.o
 .text.rockchip_pinctrl_probe
                0x000000000000e330      0x3c0 drivers/built-in.o
                0x000000000000e514                rockchip_pinctrl_probe
 .text.rockchip_pinctrl_set_state
                0x000000000000e6f0      0x698 drivers/built-in.o
 .text.rockchip_get_mux_data
                0x000000000000ed88       0x70 drivers/built-in.o
                0x000000000000ed88                rockchip_get_mux_data
 .text.rockchip_translate_pull_value
                0x000000000000edf8       0x20 drivers/built-in.o
                0x000000000000edf8                rockchip_translate_pull_value
 .text.rv1126_set_schmitt
                0x000000000000ee18       0x6c drivers/built-in.o
 .text.rv1126_set_drive
                0x000000000000ee84       0x68 drivers/built-in.o
 .text.rv1126_set_pull
                0x000000000000eeec       0x98 drivers/built-in.o
 .text.rv1126_set_mux
                0x000000000000ef84       0xbe drivers/built-in.o
 .text._serial_putc
                0x000000000000f042       0x22 drivers/built-in.o
 .text.__serial_clear
                0x000000000000f064        0xc drivers/built-in.o
 .text.serial_post_probe
                0x000000000000f070       0x12 drivers/built-in.o
 .text.serial_pre_remove
                0x000000000000f082        0x4 drivers/built-in.o
 .text.serial_init
                0x000000000000f086        0x4 drivers/built-in.o
                0x000000000000f086                serial_init
 .text.serial_putc
                0x000000000000f08a       0x14 drivers/built-in.o
                0x000000000000f08a                serial_putc
 .text.serial_clear
                0x000000000000f09e       0x12 drivers/built-in.o
                0x000000000000f09e                serial_clear
 .text.ns16550_serial_ofdata_to_platdata
                0x000000000000f0b0       0xa4 drivers/built-in.o
                0x000000000000f0b0                ns16550_serial_ofdata_to_platdata
 .text.ns16550_writeb.isra.0
                0x000000000000f154        0xe drivers/built-in.o
 .text.NS16550_setbrg
                0x000000000000f162       0x34 drivers/built-in.o
 .text.ns16550_serial_setbrg
                0x000000000000f196       0x24 drivers/built-in.o
 .text.ns16550_readb.isra.1
                0x000000000000f1ba        0xe drivers/built-in.o
 .text.ns16550_serial_clear
                0x000000000000f1c8       0x18 drivers/built-in.o
 .text.ns16550_serial_pending
                0x000000000000f1e0       0x28 drivers/built-in.o
 .text.ns16550_serial_putc
                0x000000000000f208       0x24 drivers/built-in.o