of_access.c:123:18:of_find_property	16	static
of_access.c:408:14:of_find_property_value_of_size	8	static
of_access.c:144:21:of_find_all_nodes	0	static
of_access.c:166:13:of_get_property	8	static
of_access.c:67:5:of_n_addr_cells	16	static
of_access.c:83:5:of_n_size_cells	16	static
of_access.c:99:5:of_simple_addr_cells	8	static
of_access.c:111:5:of_simple_size_cells	8	static
of_access.c:191:5:of_device_is_compatible	32	static
of_access.c:230:6:of_device_is_available	16	static
of_access.c:250:21:of_get_parent	0	static
of_access.c:311:21:of_find_node_opts_by_path	32	static
of_access.c:366:21:of_find_compatible_node	16	static
of_access.c:380:21:of_find_node_by_phandle	8	static
of_access.c:423:5:of_read_u32	8	static
of_access.c:571:12:__of_parse_phandle_with_args.constprop	40	static
of_access.c:455:5:of_property_read_u64	16	static
of_access.c:469:5:of_read_u32_array	16	static
of_access.c:488:5:of_write_u32_array	16	static
of_access.c:507:5:of_property_match_string	24	static
of_access.c:545:5:of_property_read_string_helper	32	static
of_access.c:688:21:of_parse_phandle	88	static
of_access.c:703:5:of_parse_phandle_with_args	4	static
of_access.c:714:5:of_count_phandle_with_args	16	static
of_access.c:749:5:of_alias_scan	40	static
of_access.c:811:5:of_alias_get_id	24	static
of_access.c:831:21:of_alias_get_dev	24	static
of_access.c:851:21:of_alias_dump	48	static
of_access.c:869:21:of_get_stdout	0	static
