ofnode.c:19:5:ofnode_read_u32	24	static
ofnode.c:43:5:ofnode_read_u32_default	16	static
ofnode.c:51:5:ofnode_read_s32_default	16	static
ofnode.c:59:5:ofnode_read_u64	8	static
ofnode.c:88:13:ofnode_read_string	16	static
ofnode.c:121:8:ofnode_find_subnode	16	static
ofnode.c:147:5:ofnode_read_u32_array	24	static
ofnode.c:163:5:ofnode_write_u32_array	24	static
ofnode.c:178:8:ofnode_first_subnode	8	static
ofnode.c:188:8:ofnode_next_subnode	8	static
ofnode.c:198:8:ofnode_get_parent	8	static
ofnode.c:212:13:ofnode_get_name	8	static
ofnode.c:224:8:ofnode_get_by_phandle	8	static
ofnode.c:237:5:ofnode_read_size	16	static
ofnode.c:418:12:decode_timing_property	16	static
ofnode.c:256:12:ofnode_get_addr_index	40	static
ofnode.c:278:12:ofnode_get_addr	0	static
ofnode.c:283:5:ofnode_stringlist_search	8	static
ofnode.c:304:5:ofnode_read_string_index	32	static
ofnode.c:321:5:ofnode_read_string_count	16	static
ofnode.c:349:5:ofnode_parse_phandle_with_args	112	static
ofnode.c:378:5:ofnode_count_phandle_with_args	32	static
ofnode.c:390:8:ofnode_path	8	static
ofnode.c:398:13:ofnode_get_chosen_prop	8	static
ofnode.c:407:8:ofnode_get_chosen_node	8	static
ofnode.c:506:13:ofnode_get_property	4	static
ofnode.c:74:6:ofnode_read_bool	8	static
ofnode.c:441:5:ofnode_decode_display_timing	24	static
ofnode.c:515:6:ofnode_is_available	8	static
ofnode.c:524:12:ofnode_get_addr_size	48	static
ofnode.c:546:16:ofnode_read_u8_array_ptr	24	static
ofnode.c:564:5:ofnode_read_pci_addr	32	static
ofnode.c:618:5:ofnode_read_addr_cells	0	static
ofnode.c:626:5:ofnode_read_size_cells	0	static
ofnode.c:634:5:ofnode_read_simple_addr_cells	0	static
ofnode.c:642:5:ofnode_read_simple_size_cells	0	static
ofnode.c:650:6:ofnode_pre_reloc	8	static
ofnode.c:674:5:ofnode_read_resource	32	static
ofnode.c:694:5:ofnode_read_resource_byname	16	static
ofnode.c:706:5:ofnode_translate_address	0	static
