uclass.c:23:16:uclass_find	8	static
uclass.c:108:5:uclass_destroy	16	static
uclass.c:142:5:uclass_get	24	static
uclass.c:155:13:uclass_get_name	16	static
uclass.c:164:16:uclass_get_by_name	16	static
uclass.c:178:5:uclass_find_device	24	static
uclass.c:201:5:uclass_find_first_device	16	static
uclass.c:218:5:uclass_find_next_device	0	static
uclass.c:231:5:uclass_find_device_by_name	32	static
uclass.c:255:5:uclass_find_device_by_seq	32	static
uclass.c:284:5:uclass_find_device_by_of_offset	24	static
uclass.c:308:5:uclass_find_device_by_ofnode	24	static
uclass.c:366:5:uclass_get_device_by_driver	24	static
uclass.c:386:5:uclass_get_device_tail	16	static
uclass.c:401:5:uclass_get_device	16	static
uclass.c:411:5:uclass_get_device_by_name	16	static
uclass.c:422:5:uclass_get_device_by_seq	24	static
uclass.c:439:5:uclass_get_device_by_of_offset	16	static
uclass.c:450:5:uclass_get_device_by_ofnode	16	static
uclass.c:463:5:uclass_get_device_by_phandle_id	32	static
uclass.c:491:5:uclass_get_device_by_phandle	32	static
uclass.c:503:5:uclass_first_device	16	static
uclass.c:515:5:uclass_first_device_err	8	static
uclass.c:528:5:uclass_next_device	16	static
uclass.c:540:5:uclass_first_device_check	8	static
uclass.c:554:5:uclass_next_device_check	8	static
uclass.c:567:5:uclass_bind_device	8	static
uclass.c:594:5:uclass_unbind_device	8	static
uclass.c:611:5:uclass_resolve_seq	24	static
uclass.c:642:5:uclass_pre_probe_device	8	static
uclass.c:663:5:uclass_post_probe_device	0	static
uclass.c:674:5:uclass_pre_remove_device	0	static
