mmc.c:569:12:mmc_send_op_cond_iter	40	static
mmc.c:225:12:mmc_read_blocks	64	static
mmc.c:478:12:mmc_go_idle	40	static
mmc.c:1158:12:mmc_set_capacity	24	static
mmc.c:740:12:__mmc_switch.isra.3	80	static
mmc.c:659:12:mmc_send_ext_csd	64	static
mmc.c:768:12:mmc_select_bus_width	1200	static
mmc.c:167:5:mmc_send_status	56	static
mmc.c:211:5:mmc_set_blocklen	40	static
mmc.c:452:6:mmc_set_clock	4	static
mmc.c:1091:13:mmc_set_bus_speed	0	static
mmc.c:1657:12:mmc_startup	1432	static
mmc.c:763:5:mmc_switch	0	static
mmc.c:871:5:mmc_send_tuning	72	static
mmc.c:1186:5:mmc_switch_part	24	static
mmc.c:1206:5:mmc_hwpart_config	640	static
mmc.c:2156:5:mmc_start_init	56	static
mmc.c:2247:5:mmc_init	24	static
mmc.c:369:7:mmc_bread	32	static
mmc.c:2272:5:mmc_set_dsr	0	static
mmc.c:2279:12:cpu_mmc_init	0	static
mmc.c:2285:12:board_mmc_init	0	static
mmc.c:2290:6:mmc_set_preinit	0	static
mmc.c:2339:5:mmc_initialize	8	static
