nvedit.c:1128:12:do_env_delete	24	static
nvedit.c:1452:12:do_env_exists	48	static
nvedit.c:1516:12:do_env	24	static
nvedit.c:86:12:env_print	56	static
nvedit.c:117:12:do_env_print	24	static
nvedit.c:1339:12:do_env_import	56	static
nvedit.c:1091:12:do_env_default	16	static
nvedit.c:214:12:_do_env_set.isra.0	72	static
nvedit.c:686:12:do_env_set	0	static
nvedit.c:75:5:get_env_id	0	static
nvedit.c:286:5:env_set	24	static
nvedit.c:647:5:env_set_ulong	8	static
nvedit.c:662:5:env_set_hex	32	static
nvedit.c:1218:12:do_env_export	96	static
nvedit.c:1075:5:envmatch	24	static
nvedit.c:992:5:env_get_f	32	static
nvedit.c:968:7:env_get	48	static
nvedit.c:542:7:env_exist	24	static
nvedit.c:300:12:env_append	24	static
nvedit.c:606:5:env_delete	24	static
nvedit.c:406:5:env_update_filter	464	static
nvedit.c:537:5:env_update	0	static
nvedit.c:1163:12:do_env_update	0	static
nvedit.c:670:7:env_get_hex	24	static
nvedit.c:1036:7:env_get_ulong	16	static
nvedit.c:926:12:do_env_edit.part.4	1056	static
nvedit.c:926:12:do_env_edit	0	static
