rockchip_sfc.c:224:12:rockchip_sfc_get_max_dll_cells	0	static
rockchip_sfc.c:236:28:rockchip_sfc_set_delay_lines	8	static
rockchip_sfc.c:786:12:rockchip_sfc_set_mode	0	static
rockchip_sfc.c:646:12:rockchip_sfc_adjust_op_size	8	static
rockchip_sfc.c:259:12:rockchip_sfc_ofdata_to_platdata	16	static
rockchip_sfc.c:288:12:rockchip_sfc_probe	16	static
rockchip_sfc.c:394:12:rockchip_sfc_xfer_setup.isra.3	24	static
rockchip_sfc.c:192:12:rockchip_sfc_reset.isra.7	16	static
rockchip_sfc.c:372:12:rockchip_sfc_wait_for_dma_finished	16	static
rockchip_sfc.c:340:12:rockchip_sfc_wait_rxfifo_ready.isra.5.constprop	16	static
rockchip_sfc.c:493:12:rockchip_sfc_read_fifo	32	static
rockchip_sfc.c:595:12:rockchip_sfc_xfer_done.constprop	16	static
rockchip_sfc.c:323:12:rockchip_sfc_wait_txfifo_ready.isra.4.constprop	16	static
rockchip_sfc.c:462:12:rockchip_sfc_write_fifo	32	static
rockchip_sfc.c:613:12:rockchip_sfc_exec_op	48	static
rockchip_sfc.c:656:12:rockchip_sfc_exec_op_bypass.isra.9	16	static
rockchip_sfc.c:752:12:rockchip_sfc_set_speed	96	static
