console.c:106:12:console_setfile	16	static
console.c:515:6:putc	0	static
console.c:588:6:puts	8	static
console.c:382:6:fclear.part.4	0	static
console.c:312:5:serial_printf	1056	static
console.c:330:5:fgetc	0	static
console.c:409:5:getc	0	static
console.c:362:5:ftstc	0	static
console.c:435:5:tstc	0	static
console.c:370:6:fputc	0	static
console.c:376:6:fputs	0	static
console.c:382:6:fclear	0	static
console.c:388:5:fprintf	1060	static
console.c:457:6:flushc	0	static
console.c:649:5:ctrlc	8	static
console.c:670:5:confirm_yesno	16	static
console.c:697:5:disable_ctrlc	0	static
console.c:705:5:had_ctrlc	0	static
console.c:710:6:clear_ctrlc	0	static
console.c:717:19:search_device	8	static
console.c:733:5:console_assign	8	static
console.c:773:5:console_announce_r	208	static
console.c:787:5:console_init_f	0	static
console.c:798:6:stdio_print_current_devices	8	static
console.c:919:5:console_init_r	16	static
