fdt_support.c:1171:12:of_bus_default_map	48	static
fdt_support.c:1698:12:fdt_read_prop	16	static
fdt_support.c:1154:6:fdt_support_default_count_cells	24	static
fdt_support.c:530:12:fdt_pack_reg	32	static
fdt_support.c:1188:12:of_bus_default_translate	40	static
fdt_support.c:41:5:fdt_getprop_u32_default_node	16	static
fdt_support.c:71:5:fdt_getprop_u32_default	24	static
fdt_support.c:95:5:fdt_find_and_setprop	32	static
fdt_support.c:119:5:fdt_find_or_add_subnode	24	static
fdt_support.c:197:5:fdt_root	24	static
fdt_support.c:223:5:fdt_initrd	72	static
fdt_support.c:346:5:fdt_chosen	48	static
fdt_support.c:448:6:do_fixup_by_path	24	static
fdt_support.c:464:6:do_fixup_by_path_u32	24	static
fdt_support.c:471:6:do_fixup_by_prop	40	static
fdt_support.c:492:6:do_fixup_by_prop_u32	40	static
fdt_support.c:500:6:do_fixup_by_compat	40	static
fdt_support.c:519:6:do_fixup_by_compat_u32	24	static
fdt_support.c:555:5:fdt_record_loadable	48	static
fdt_support.c:599:5:fdt_fixup_memory_banks	72	static
fdt_support.c:645:5:fdt_fixup_memory	16	static
fdt_support.c:650:5:fdt_update_reserved_memory	48	static
fdt_support.c:674:6:fdt_fixup_ethernet	80	static
fdt_support.c:753:5:fdt_shrink_to_minimum	56	static
fdt_support.c:866:5:fdt_increase_size	0	static
fdt_support.c:283:5:fdt_bootargs_append	40	static
fdt_support.c:323:5:fdt_bootargs_append_ab	32	static
fdt_support.c:1080:6:fdt_del_node_and_alias	16	static
fdt_support.c:1432:5:fdt_translate_address	120	static
fdt_support.c:1447:5:fdt_node_offset_by_compat_reg	40	static
fdt_support.c:1468:5:fdt_alloc_phandle	16	static
fdt_support.c:1488:5:fdt_set_phandle	40	static
fdt_support.c:1527:14:fdt_create_phandle	16	static
fdt_support.c:1557:5:fdt_set_node_status	40	static
fdt_support.c:1598:5:fdt_set_status_by_alias	16	static
fdt_support.c:1644:5:fdt_verify_alias_address	48	static
fdt_support.c:1685:5:fdt_get_base_address	24	static
fdt_support.c:1734:5:fdt_read_range	56	static
fdt_support.c:1802:5:fdt_setup_simplefb_node	104	static
fdt_support.c:1855:5:fdt_fixup_display	40	static
