image-fit.c:731:12:fit_image_get_address	24	static
image-fit.c:760:12:fit_image_set_address	24	static
image-fit.c:1232:12:hw_fit_calculate_hash	40	static
image-fit.c:83:5:fit_parse_conf	24	static
image-fit.c:109:5:fit_parse_subimage	24	static
image-fit.c:132:5:fit_get_subimage_count	24	static
image-fit.c:483:5:fit_get_desc	16	static
image-fit.c:511:5:fit_get_timestamp	16	static
image-fit.c:540:5:fit_get_totalsize	8	static
image-fit.c:566:5:fit_image_get_node	16	static
image-fit.c:600:5:fit_image_get_os	16	static
image-fit.c:632:5:fit_image_get_arch	16	static
image-fit.c:664:5:fit_image_get_type	16	static
image-fit.c:696:5:fit_image_get_comp	16	static
image-fit.c:714:6:fit_image_is_preload	16	static
image-fit.c:800:5:fit_image_get_load	0	static
image-fit.c:818:5:fit_image_get_comp_addr	0	static
image-fit.c:836:5:fit_image_set_load	0	static
image-fit.c:858:5:fit_image_get_entry	0	static
image-fit.c:880:5:fit_image_set_entry	0	static
image-fit.c:948:5:fit_image_get_data_offset	8	static
image-fit.c:972:5:fit_image_get_data_position	8	static
image-fit.c:997:5:fit_image_get_data_size	8	static
image-fit.c:900:5:fit_image_get_data	40	static
image-fit.c:1021:5:fit_image_get_rollback_index	8	static
image-fit.c:1047:5:fit_image_hash_get_algo	16	static
image-fit.c:1075:5:fit_image_hash_get_value	24	static
image-fit.c:1119:7:fit_get_end	0	static
image-fit.c:1137:5:fit_set_timestamp	24	static
image-fit.c:1155:5:fit_set_totalsize	24	static
image-fit.c:1169:5:fit_set_version	24	static
image-fit.c:1182:5:fit_calculate_hash	24	static
image-fit.c:1283:5:calculate_hash	0	static
image-fit.c:1297:5:fit_image_check_hash	88	static
image-fit.c:1358:5:fit_image_verify_with_data	48	static
image-fit.c:1435:5:fit_image_verify	24	static
image-fit.c:1465:5:fit_all_image_verify	40	static
image-fit.c:1517:5:fit_image_check_os	16	static
image-fit.c:1539:5:fit_image_check_arch	16	static
image-fit.c:1569:5:fit_image_check_type	16	static
image-fit.c:1592:5:fit_image_check_comp	16	static
image-fit.c:1612:5:fit_check_format	8	static
image-fit.c:1677:5:fit_conf_find_compat	64	static
image-fit.c:1782:5:fit_conf_get_node	32	static
image-fit.c:1835:5:fit_conf_get_prop_node_count	0	static
image-fit.c:1841:5:fit_conf_get_prop_node_index	32	static
image-fit.c:1855:5:fit_conf_get_prop_node	0	static
image-fit.c:1873:6:fit_conf_print	48	static
image-fit.c:1950:5:fit_get_node_from_config	16	static
image-fit.c:2013:12:fit_board_verify_required_sigs	0	static
image-fit.c:2019:5:fit_image_load_index	80	static
image-fit.c:2276:5:fit_image_load	40	static
image-fit.c:2286:5:boot_get_setup_fit	56	static
image-fit.c:2307:5:boot_get_fdt_fit	72	static
