fg_rk817.c:261:12:interpolate	24	static
fg_rk817.c:307:12:rk817_bat_read.isra.0	0	static
fg_rk817.c:417:12:rk817_bat_get_avg_current	16	static
fg_rk817.c:941:12:rk817_bat_update_get_current	8	static
fg_rk817.c:402:12:rk817_bat_get_battery_voltage	16	static
fg_rk817.c:931:12:rk817_bat_update_get_voltage	8	static
fg_rk817.c:386:12:rk817_bat_get_sys_voltage	16	static
fg_rk817.c:370:12:rk817_bat_get_USB_voltage	16	static
fg_rk817.c:338:13:rk817_bat_init_voltage_kb	16	static
fg_rk817.c:355:12:rk817_bat_get_pwron_voltage	16	static
fg_rk817.c:605:12:rk817_bat_get_prev_dsoc	16	static
fg_rk817.c:616:12:rk817_bat_get_prev_cap	16	static
fg_rk817.c:501:12:rk817_bat_get_capacity_uah	16	static
fg_rk817.c:554:12:rk817_bat_get_rsoc	8	static
fg_rk817.c:1124:13:rk817_bat_debug_info	0	static
fg_rk817.c:996:12:rk817_bat_get_charger_type	16	static
fg_rk817.c:1221:12:rk817_is_bat_exist	8	static
fg_rk817.c:1231:12:rk817_bat_bat_is_exist	8	static
fg_rk817.c:1247:12:rk817_fg_ofdata_to_platdata	32	static
fg_rk817.c:312:13:rk817_bat_write.isra.6	0	static
fg_rk817.c:1016:13:rk817_bat_set_input_current	16	static
fg_rk817.c:774:13:rk817_bat_set_initialized_flag	8	static
fg_rk817.c:467:13:rk817_bat_init_coulomb_cap	40	static
fg_rk817.c:532:13:rk817_bat_save_cap	16	static
fg_rk817.c:678:13:rk817_bat_save_fcc	16	static
fg_rk817.c:728:13:rk817_bat_inc_halt_cnt	8	static
fg_rk817.c:446:13:rk817_bat_calibration	16	static
fg_rk817.c:591:13:rk817_bat_save_dsoc.part.8	16	static
fg_rk817.c:1038:13:rk817_bat_charger_setting	16	static
fg_rk817.c:1195:12:rk817_bat_update_get_soc	40	static
fg_rk817.c:577:12:rk817_bat_vol_to_cap	8	static
fg_rk817.c:517:12:rk817_bat_get_capacity_mah	16	static
fg_rk817.c:1387:12:rk817_fg_probe	40	static
fg_rk817.c:963:13:rk817_bat_update_get_chrg_online	8	static
