log.h:320:19:log_init	0	static
board_f.c:243:12:setup_mon_len	0	static
board_f.c:348:12:reserve_round_4k	0	static
board_f.c:355:12:reserve_mmu	0	static
board_f.c:425:12:reserve_uboot	0	static
board_f.c:447:12:reserve_malloc	0	static
board_f.c:456:12:reserve_noncached	0	static
board_f.c:493:12:reserve_global_data	0	static
board_f.c:502:12:reserve_fdt	0	static
board_f.c:786:12:initf_console_record	0	static
board_f.c:821:12:arch_cpu_init_dm	0	static
board_f.c:209:12:dram_init_banksize	8	static
board_f.c:640:12:reloc_fdt	8	static
board_f.c:151:12:announce_serial	8	static
board_f.c:675:12:setup_reloc	8	static
board_f.c:168:12:announce_dram_init	8	static
board_f.c:473:12:reserve_board	8	static
board_f.c:382:12:reserve_video	16	static
board_f.c:120:12:init_baud_rate	8	static
board_f.c:795:12:initf_dm	0	static
board_f.c:761:12:initf_bootstage	8	static
board_f.c:816:12:reserve_arch	0	static
board_f.c:130:12:display_text_info	0	static
board_f.c:260:12:arch_fpga_init	0	static
board_f.c:265:12:arch_cpu_init	0	static
board_f.c:270:12:mach_cpu_init	0	static
board_f.c:413:12:reserve_trace	0	static
board_f.c:485:12:setup_machine	0	static
board_f.c:534:12:reserve_bootstage	0	static
board_f.c:566:12:display_new_sp	0	static
board_f.c:657:12:reloc_bootstage	0	static
board_f.c:70:13:coloured_LED_init	0	static
board_f.c:71:13:red_led_on	0	static
board_f.c:72:13:red_led_off	0	static
board_f.c:73:13:green_led_on	0	static
board_f.c:74:13:green_led_off	0	static
board_f.c:75:13:yellow_led_on	0	static
board_f.c:76:13:yellow_led_off	0	static
board_f.c:77:13:blue_led_on	0	static
board_f.c:78:13:blue_led_off	0	static
board_f.c:115:13:board_add_ram_info	0	static
board_f.c:176:12:show_dram_config	16	static
board_f.c:276:14:board_get_usable_ram_top	0	static
board_f.c:293:12:setup_dest_addr	16	static
board_f.c:548:5:arch_reserve_stacks	0	static
board_f.c:553:12:reserve_stacks	0	static
board_f.c:976:6:board_init_f	8	static
