bootstage.h:374:19:bootstage_relocate	0	static
board_r.c:103:12:initr_reloc	0	static
board_r.c:151:12:initr_reloc_global_data	0	static
board_r.c:480:12:initr_mtd_blk	0	static
board_r.c:802:12:board_initr_caches_fixup	0	static
board_r.c:807:12:run_main_loop	8	static
board_r.c:716:12:initr_net	8	static
board_r.c:651:12:initr_ethaddr	8	static
board_r.c:626:12:initr_jumptable	8	static
board_r.c:198:12:initr_serial	8	static
board_r.c:547:12:initr_env_nowhere	8	static
board_r.c:317:12:initr_dm	0	static
board_r.c:302:12:initr_of_live	0	static
board_r.c:643:12:initr_enable_interrupts	8	static
board_r.c:294:12:initr_noncached	8	static
board_r.c:342:12:initr_bootstage	8	static
board_r.c:264:12:initr_malloc	8	static
board_r.c:136:12:initr_caches	8	static
log.h:320:19:log_init	0	static
board_r.c:94:12:initr_trace	0	static
board_r.c:255:12:initr_barrier	0	static
board_r.c:279:12:initr_console_record	0	static
board_r.c:349:12:power_init_board	0	static
board_r.c:354:12:initr_announce	0	static
board_r.c:444:12:initr_nand	0	static
board_r.c:466:12:initr_mmc	0	static
board_r.c:797:12:interrupt_debugger_init	0	static
board_r.c:66:12:board_flash_wp_on	0	static
board_r.c:76:13:cpu_secondary_init_r	0	static
board_r.c:80:12:initr_secondary_cpu	8	static
board_r.c:146:12:fixup_cpu	0	static
board_r.c:1058:6:board_init_r	8	static
