edid.c:2301:1:cea_db_offsets	12	static
edid.c:2393:13:drm_add_hdmi_modes	8	static
edid.c:2408:11:svd_to_vic	0	static
edid.c:2984:12:drm_find_edid_extension	12	static
edid.c:3297:1:drm_for_each_detailed_block	40	static
edid.c:3474:1:cea_mode_alternate_clock	16	static
edid.c:3507:6:drm_mode_equal_no_clocks_no_stereo	0	static
edid.c:3578:1:hdmi_mode_alternate_clock	0	static
edid.c:3789:1:find_gtf2	0	static
edid.c:3799:1:drm_gtf2_hbreak	16	static
edid.c:3897:1:mode_is_rb	0	static
edid.c:4439:11:drm_match_hdmi_mode	32	static
edid.c:5431:11:hdmi_infoframe_checksum	0	static
edid.c:5443:13:hdmi_infoframe_set_checksum	8	static
edid.c:1788:14:snip	16	static
edid.c:2026:33:drm_mode_create	8	static
edid.c:2418:1:drm_display_mode_from_vic_index	16	static
edid.c:2043:13:drm_mode_destroy	0	static
edid.c:1651:12:drm_get_vrefresh	16	static
edid.c:4755:13:valid_inferred_mode	40	static
edid.c:3916:33:drm_mode_find_dmt	32	static
edid.c:2330:13:cea_db_is_hdmi_vsdb	0	static
edid.c:3873:1:is_rb	0	static
edid.c:3884:1:drm_monitor_supports_rb	16	static
edid.c:4391:1:do_established_modes	40	static
edid.c:6335:1:drm_do_probe_ddc_edid.constprop	88	static
edid.c:2442:13:bitmap_set.constprop	8	static
edid.c:3944:1:drm_gtf_mode_complex.constprop	40	static
edid.c:2075:26:drm_cvt_mode.constprop	40	static
edid.c:3763:1:do_cvt_mode	64	static
edid.c:3658:1:do_detailed_mode	64	static
edid.c:4726:1:mode_in_range	32	static
edid.c:4864:1:do_inferred_modes	56	static
edid.c:5026:6:drm_edid_block_valid.constprop	32	static
edid.c:4186:1:drm_mode_std	64	static
edid.c:4298:1:do_standard_modes	24	static
edid.c:1424:5:edid_check_info	8	static
edid.c:1438:5:edid_check_checksum	0	static
edid.c:1449:5:edid_get_ranges	32	static
edid.c:1677:5:edid_get_drm_mode	48	static
edid.c:1725:5:edid_get_timing	48	static
edid.c:1875:6:edid_print_info	56	static
edid.c:2473:5:do_cea_modes	32	static
edid.c:3025:6:drm_detect_hdmi_monitor	24	static
edid.c:3062:6:drm_detect_monitor_audio	24	static
edid.c:5213:4:drm_match_cea_mode	32	static
edid.c:2921:1:drm_default_rgb_quant_range	8	static
edid.c:5138:5:drm_add_edid_modes	128	static
edid.c:5309:5:hdmi_vendor_infoframe_init	8	static
edid.c:5335:1:drm_hdmi_avi_infoframe_quant_range	16	static
edid.c:5399:1:drm_hdmi_vendor_infoframe_from_display_mode	16	static
edid.c:5456:5:hdmi_avi_infoframe_init	8	static
edid.c:5244:1:drm_hdmi_avi_infoframe_from_display_mode	16	static
edid.c:5482:9:hdmi_avi_infoframe_pack	16	static
edid.c:5559:5:hdmi_spd_infoframe_init	16	static
edid.c:5589:9:hdmi_spd_infoframe_pack	16	static
edid.c:5627:5:hdmi_audio_infoframe_init	8	static
edid.c:5652:9:hdmi_audio_infoframe_pack	16	static
edid.c:5708:9:hdmi_vendor_infoframe_pack	16	static
edid.c:5767:5:hdmi_drm_infoframe_init	8	static
edid.c:5791:9:hdmi_drm_infoframe_pack	16	static
edid.c:5885:1:hdmi_infoframe_pack	8	static
edid.c:6145:5:hdmi_infoframe_unpack	24	static
edid.c:6171:6:drm_mode_equal	0	static
edid.c:6195:6:drm_mode_sort	144	static
edid.c:6254:5:drm_mode_prune_invalid	32	static
edid.c:6282:6:drm_rk_filter_whitelist	40	static
edid.c:6302:6:drm_rk_select_mode	32	static
edid.c:6377:5:drm_do_get_edid	40	static
edid.c:6502:4:drm_scdc_readb	48	static
edid.c:6521:4:drm_scdc_writeb	48	static
