image-android.c:63:14:android_image_get_kernel_addr	0	static
image-android.c:313:12:image_load	176	static
image-android.c:480:12:images_load_verify	32	static
image-android.c:625:14:android_image_get_comp_addr	16	static
image-android.c:41:5:android_image_major_version	0	static
image-android.c:47:5:android_bcb_msg_sector_offset	8	static
image-android.c:100:6:android_image_set_comp	0	static
image-android.c:105:5:android_image_get_comp	0	static
image-android.c:110:5:android_image_parse_kernel_comp	8	static
image-android.c:131:5:android_image_get_kernel	32	static
image-android.c:185:5:android_image_check_header	0	static
image-android.c:506:12:android_image_separate	64	static
image-android.c:583:12:android_image_separate_v3	32	static
image-android.c:190:7:android_image_get_end	20	static
image-android.c:219:5:android_image_get_ksize	0	static
image-android.c:224:6:android_image_set_kload	0	static
image-android.c:229:7:android_image_get_kload	0	static
image-android.c:234:5:android_image_get_ramdisk	16	static
image-android.c:265:5:android_image_get_fdt	8	static
image-android.c:685:6:android_image_set_decomp	16	static
image-android.c:711:5:android_image_memcpy_separate	16	static
image-android.c:1002:22:populate_andr_img_hdr	152	static
image-android.c:749:6:android_image_load	32	static
image-android.c:1085:6:android_print_contents	32	static
