usb.c:318:1:usb_set_maxpacket_ep	12	static
usb.c:200:5:usb_int_msg	4	static
usb.c:216:5:usb_control_msg	160	static
usb.c:571:12:usb_get_descriptor	40	static
usb.c:936:12:get_descriptor_len	608	static
usb.c:961:12:usb_setup_descriptor	8	static
usb.c:737:12:usb_get_string	56	static
usb.c:773:12:usb_string_sub	32	static
usb.c:268:5:usb_bulk_msg	16	static
usb.c:297:5:usb_maxpacket	0	static
usb.c:542:5:usb_clear_halt	48	static
usb.c:583:5:usb_get_configuration_len	152	static
usb.c:606:5:usb_get_configuration_no	16	static
usb.c:636:5:usb_set_interface	48	static
usb.c:694:5:usb_set_protocol	40	static
usb.c:704:5:usb_set_idle	40	static
usb.c:714:5:usb_get_report	40	static
usb.c:726:5:usb_get_class_descriptor	40	static
usb.c:813:5:usb_string	600	static
usb.c:1085:5:usb_select_config	64	static
usb.c:1168:5:usb_setup_device	48	static
usb.c:1222:5:board_usb_init	0	static
usb.c:1228:5:board_usb_cleanup	0	static
usb.c:1233:6:usb_device_has_child_on_port	0	static
usb.c:1243:6:usb_find_usb2_hub_address_port	24	static
