drm_mipi_dsi.c:44:16:mipi_dsi_device_transfer	0	static
drm_mipi_dsi.c:20:5:mipi_dsi_attach	0	static
drm_mipi_dsi.c:34:5:mipi_dsi_detach	0	static
drm_mipi_dsi.c:65:6:mipi_dsi_packet_format_is_short	0	static
drm_mipi_dsi.c:100:6:mipi_dsi_packet_format_is_long	0	static
drm_mipi_dsi.c:131:5:mipi_dsi_create_packet	16	static
drm_mipi_dsi.c:171:5:mipi_dsi_shutdown_peripheral	32	static
drm_mipi_dsi.c:190:5:mipi_dsi_turn_on_peripheral	32	static
drm_mipi_dsi.c:212:5:mipi_dsi_set_maximum_return_packet_size	32	static
drm_mipi_dsi.c:239:9:mipi_dsi_generic_write	40	static
drm_mipi_dsi.c:280:9:mipi_dsi_generic_read	48	static
drm_mipi_dsi.c:323:9:mipi_dsi_dcs_write_buffer	40	static
drm_mipi_dsi.c:365:9:mipi_dsi_dcs_write	32	static
drm_mipi_dsi.c:403:9:mipi_dsi_dcs_read	48	static
drm_mipi_dsi.c:424:5:mipi_dsi_dcs_nop	16	static
drm_mipi_dsi.c:441:5:mipi_dsi_dcs_soft_reset	16	static
drm_mipi_dsi.c:460:5:mipi_dsi_dcs_get_power_mode	8	static
drm_mipi_dsi.c:484:5:mipi_dsi_dcs_get_pixel_format	8	static
drm_mipi_dsi.c:507:5:mipi_dsi_dcs_enter_sleep_mode	16	static
drm_mipi_dsi.c:525:5:mipi_dsi_dcs_exit_sleep_mode	16	static
drm_mipi_dsi.c:543:5:mipi_dsi_dcs_set_display_off	16	static
drm_mipi_dsi.c:561:5:mipi_dsi_dcs_set_display_on	16	static
drm_mipi_dsi.c:581:5:mipi_dsi_dcs_set_column_address	16	static
drm_mipi_dsi.c:604:5:mipi_dsi_dcs_set_page_address	16	static
drm_mipi_dsi.c:625:5:mipi_dsi_dcs_set_tear_off	16	static
drm_mipi_dsi.c:644:5:mipi_dsi_dcs_set_tear_on	16	static
drm_mipi_dsi.c:666:5:mipi_dsi_dcs_set_pixel_format	16	static
drm_mipi_dsi.c:686:5:mipi_dsi_dcs_set_tear_scanline	16	static
drm_mipi_dsi.c:707:5:mipi_dsi_dcs_set_display_brightness	16	static
drm_mipi_dsi.c:729:5:mipi_dsi_dcs_get_display_brightness	8	static
