dw_mipi_dsi.c:274:13:grf_field_write	12	static
dw_mipi_dsi.c:1018:12:dw_mipi_dsi_get_hcomponent_lbcc	8	static
dw_mipi_dsi.c:1089:12:dw_mipi_dsi_connector_pre_init	0	static
dw_mipi_dsi.c:1709:12:dw_mipi_dsi_child_pre_probe	8	static
dw_mipi_dsi.c:1684:12:dw_mipi_dsi_child_post_bind	40	static
dw_mipi_dsi.c:1653:12:dw_mipi_dsi_host_attach	8	static
dw_mipi_dsi.c:1319:12:dw_mipi_dsi_connector_disable	8	static
dw_mipi_dsi.c:1309:12:dw_mipi_dsi_connector_enable	8	static
dw_mipi_dsi.c:1338:12:dw_mipi_dsi_probe	16	static
dw_mipi_dsi.c:1674:12:dw_mipi_dsi_bind	8	static
dw_mipi_dsi.c:931:13:dw_mipi_dsi_post_disable	16	static
dw_mipi_dsi.c:1301:13:dw_mipi_dsi_connector_unprepare	8	static
dw_mipi_dsi.c:1098:12:dw_mipi_dsi_connector_init	24	static
dw_mipi_dsi.c:452:13:testif_write	16	static
dw_mipi_dsi.c:499:13:dw_mipi_dsi_phy_init	328	static
dw_mipi_dsi.c:1250:13:dw_mipi_dsi_pre_enable	56	static
dw_mipi_dsi.c:717:16:dw_mipi_dsi_transfer	56	static
dw_mipi_dsi.c:1645:16:dw_mipi_dsi_host_transfer	8	static
dw_mipi_dsi.c:1269:12:dw_mipi_dsi_connector_prepare	104	static
