le_byteshift.h:11:19:__get_unaligned_le32	0	static
rockchip_display.c:411:12:display_get_detail_timing	56	static
rockchip_display.c:2008:5:rockchip_display_bind	8	static
rockchip_display.c:1405:31:rockchip_of_find_panel	48	static
rockchip_display.c:741:12:display_get_edid_mode	24	static
rockchip_display.c:79:6:rockchip_display_make_crc32_table	8	static
rockchip_display.c:100:10:rockchip_display_crc32c_cal	12	static
rockchip_display.c:114:5:rockchip_get_baseparameter	1048776	dynamic,bounded
rockchip_display.c:1660:12:rockchip_display_probe	96	static
rockchip_display.c:149:25:rockchip_get_disp_info	24	static
rockchip_display.c:263:7:get_display_buffer	16	static
rockchip_display.c:301:15:get_cubic_lut_buffer	0	static
rockchip_display.c:312:6:can_direct_logo	0	static
rockchip_display.c:385:5:drm_mode_vrefresh	16	static
rockchip_display.c:534:6:drm_mode_max_resolution_filter	20	static
rockchip_display.c:561:6:drm_mode_set_crtcinfo	24	static
rockchip_display.c:1063:12:display_logo	144	static
rockchip_display.c:638:6:drm_mode_is_420_only	8	static
rockchip_display.c:657:6:drm_mode_is_420_also	8	static
rockchip_display.c:676:6:drm_mode_is_420	16	static
rockchip_display.c:937:5:display_send_mcu_cmd	4	static
rockchip_display.c:1182:29:find_or_alloc_logo_cache	16	static
rockchip_display.c:1243:12:load_bmp_logo	40	static
rockchip_display.c:1345:6:rockchip_show_fbbase	24	static
rockchip_display.c:1361:5:rockchip_show_bmp	24	static
rockchip_display.c:2041:12:do_rockchip_show_bmp	8	static
rockchip_display.c:1382:5:rockchip_show_logo	24	static
rockchip_display.c:2030:12:do_rockchip_logo_show	8	static
rockchip_display.c:1897:6:rockchip_display_fixup	40	static
