rockchip_rgb.c:110:12:rockchip_rgb_connector_pre_init	0	static
rockchip_rgb.c:181:12:rockchip_rgb_probe	16	static
rockchip_rgb.c:198:13:rv1126_rgb_prepare	0	static
rockchip_rgb.c:283:13:rk3568_rgb_prepare	0	static
rockchip_rgb.c:269:13:rk3368_rgb_prepare	0	static
rockchip_rgb.c:252:13:rk3288_rgb_unprepare	0	static
rockchip_rgb.c:243:13:rk3288_rgb_prepare	8	static
rockchip_rgb.c:228:13:rk1808_rgb_prepare	0	static
rockchip_rgb.c:213:13:px30_rgb_prepare	0	static
rockchip_rgb.c:97:13:rockchip_rgb_connector_unprepare	8	static
rockchip_rgb.c:72:12:rockchip_rgb_connector_prepare	16	static
rockchip_rgb.c:119:12:rockchip_rgb_connector_init	8	static
