dw_mmc.c:668:12:dwmci_execute_tuning	8	static
dw_mmc.c:648:13:dwmci_card_busy	8	static
dw_mmc.c:788:12:dwmci_get_cd	32	static
dw_mmc.c:84:12:dwmci_wait_reset.isra.0	0	static
dw_mmc.c:582:12:dwmci_setup_bus.part.2	16	static
dw_mmc.c:684:12:dwmci_set_ios	16	static
dw_mmc.c:31:15:dwmci_memcpy_fromio	0	static
dw_mmc.c:56:15:dwmci_memcpy_toio	0	static
dw_mmc.c:319:12:dwmci_send_cmd	72	dynamic
dw_mmc.c:806:5:dwmci_probe	16	static
dw_mmc.c:835:6:dwmci_setup_cfg	8	static
dw_mmc.c:871:5:dwmci_bind	0	static
