mmc-uclass.c:307:12:mmc_blk_probe	8	static
mmc-uclass.c:73:6:mmc_card_busy	0	static
mmc-uclass.c:82:6:mmc_can_card_busy	0	static
mmc-uclass.c:89:5:dm_mmc_set_ios	0	static
mmc-uclass.c:98:5:mmc_set_ios	0	static
mmc-uclass.c:103:5:dm_mmc_get_wp	0	static
mmc-uclass.c:112:5:mmc_getwp	0	static
mmc-uclass.c:117:5:dm_mmc_get_cd	0	static
mmc-uclass.c:126:5:mmc_getcd	0	static
mmc-uclass.c:131:13:mmc_get_mmc_dev	8	static
mmc-uclass.c:18:5:dm_mmc_send_cmd	16	static
mmc-uclass.c:61:5:mmc_send_cmd	0	static
mmc-uclass.c:292:12:mmc_select_hwpart	16	static
mmc-uclass.c:142:13:find_mmc_device	16	static
mmc-uclass.c:163:5:get_mmc_num	8	static
mmc-uclass.c:168:5:mmc_get_next_devnum	0	static
mmc-uclass.c:173:18:mmc_get_blk_desc	16	static
mmc-uclass.c:186:6:mmc_do_preinit	16	static
mmc-uclass.c:209:6:print_mmc_devices	40	static
mmc-uclass.c:242:5:mmc_bind	48	static
mmc-uclass.c:279:5:mmc_unbind	16	static
