OpteeClientRkNewFs_v1.c:102:12:check_security_exist	16	static
OpteeClientRkNewFs_v1.c:393:12:rkss_read_patition_tables	8	static
OpteeClientRkNewFs_v1.c:563:12:rkss_get_fileinfo_by_name	576	static
OpteeClientRkNewFs_v1.c:652:12:rkss_get_dirs_by_name	552	static
OpteeClientRkNewFs_v1.c:356:12:rkss_read_multi_sections	16	static
OpteeClientRkNewFs_v1.c:532:12:rkss_get_fileinfo_by_index	536	static
OpteeClientRkNewFs_v1.c:183:12:rkss_backup_sections	584	static
OpteeClientRkNewFs_v1.c:371:12:rkss_write_multi_sections	16	static
OpteeClientRkNewFs_v1.c:781:12:rkss_decref_multi_usedflags_sections	552	static
OpteeClientRkNewFs_v1.c:868:12:rkss_write_back_ptable	536	static
OpteeClientRkNewFs_v1.c:139:12:rkss_begin_commit	544	static
OpteeClientRkNewFs_v1.c:164:12:rkss_finish_commit	520	static
OpteeClientRkNewFs_v1.c:1068:20:ree_fs_new_write.isra.5	688	static
OpteeClientRkNewFs_v1.c:936:20:ree_fs_new_create.isra.8	680	static
OpteeClientRkNewFs_v1.c:1414:5:tee_supp_rk_fs_init_v1	1096	static
OpteeClientRkNewFs_v1.c:1504:5:tee_supp_rk_fs_process_v1	160	static
