OpteeClientInterface.c:149:17:trusty_base_read_security_data	504	static
OpteeClientInterface.c:49:17:trusty_base_write_security_data	504	static
OpteeClientInterface.c:422:17:trusty_base_efuse_or_otp_operation	480	static
OpteeClientInterface.c:247:17:trusty_base_end_security_data	448	static
OpteeClientInterface.c:374:17:trusty_base_end_efuse_or_otp	448	static
OpteeClientInterface.c:33:17:b2hs.constprop	8	static
OpteeClientInterface.c:294:10:trusty_read_rollback_index	32	static
OpteeClientInterface.c:303:10:trusty_write_rollback_index	40	static
OpteeClientInterface.c:312:10:trusty_read_permanent_attributes	0	static
OpteeClientInterface.c:318:10:trusty_write_permanent_attributes	0	static
OpteeClientInterface.c:324:10:trusty_read_permanent_attributes_flag	0	static
OpteeClientInterface.c:330:10:trusty_write_permanent_attributes_flag	16	static
OpteeClientInterface.c:336:10:trusty_read_permanent_attributes_cer	0	static
OpteeClientInterface.c:343:10:trusty_write_permanent_attributes_cer	0	static
OpteeClientInterface.c:350:10:trusty_read_lock_state	0	static
OpteeClientInterface.c:356:10:trusty_write_lock_state	16	static
OpteeClientInterface.c:362:10:trusty_read_flash_lock_state	0	static
OpteeClientInterface.c:368:10:trusty_write_flash_lock_state	16	static
OpteeClientInterface.c:499:10:trusty_read_attribute_hash	0	static
OpteeClientInterface.c:505:10:trusty_write_attribute_hash	0	static
OpteeClientInterface.c:511:10:trusty_notify_optee_uboot_end	8	static
OpteeClientInterface.c:520:10:trusty_read_vbootkey_hash	0	static
OpteeClientInterface.c:526:10:trusty_write_vbootkey_hash	0	static
OpteeClientInterface.c:532:10:trusty_read_vbootkey_enable_flag	16	static
OpteeClientInterface.c:552:10:trusty_write_ta_encryption_key	0	static
OpteeClientInterface.c:558:10:trusty_attest_dh	480	static
OpteeClientInterface.c:644:10:trusty_attest_uuid	480	static
OpteeClientInterface.c:730:10:trusty_attest_get_ca	504	static
OpteeClientInterface.c:836:10:trusty_attest_set_ca	480	static
