blk-uclass.c:177:12:get_desc	40	static
blk-uclass.c:53:14:if_typename_to_iftype	16	static
blk-uclass.c:71:13:blk_get_if_type_name	0	static
blk-uclass.c:95:18:blk_get_devnum_by_typename	32	static
blk-uclass.c:222:5:blk_list_part	24	static
blk-uclass.c:247:5:blk_print_part_devnum	16	static
blk-uclass.c:262:6:blk_list_devices	24	static
blk-uclass.c:281:5:blk_print_device_num	24	static
blk-uclass.c:295:5:blk_show_device	24	static
blk-uclass.c:345:5:blk_select_hwpart	0	static
blk-uclass.c:357:5:blk_dselect_hwpart	0	static
blk-uclass.c:362:5:blk_first_device	16	static
blk-uclass.c:384:5:blk_next_device	16	static
blk-uclass.c:403:5:blk_find_device	32	static
blk-uclass.c:426:5:blk_get_device	8	static
blk-uclass.c:76:18:blk_get_devnum_by_type	16	static
blk-uclass.c:210:5:blk_select_hwpart_devnum	16	static
blk-uclass.c:437:15:blk_dread	4	static
blk-uclass.c:316:7:blk_read_devnum	24	static
blk-uclass.c:458:15:blk_dwrite	4	static
blk-uclass.c:333:7:blk_write_devnum	24	static
blk-uclass.c:471:15:blk_derase	0	static
blk-uclass.c:484:5:blk_prepare_device	8	static
blk-uclass.c:493:5:blk_get_from_parent	16	static
blk-uclass.c:519:5:blk_find_max_devnum	24	static
blk-uclass.c:577:5:blk_create_device	48	static
blk-uclass.c:609:5:blk_create_devicef	72	static
blk-uclass.c:632:5:blk_unbind_all	24	static
