phy.c:443:5:genphy_shutdown	0	static
phy.c:153:5:genphy_restart_aneg	24	static
phy.c:181:5:genphy_config_aneg	32	static
phy.c:381:5:genphy_config	16	static
phy.c:221:5:genphy_update_link	32	static
phy.c:290:5:genphy_parse_link	24	static
phy.c:432:5:genphy_startup	8	static
phy.c:462:5:phy_init	0	static
phy.c:527:5:phy_register	0	static
phy.c:553:5:phy_set_supported	0	static
phy.c:667:12:get_phy_id	24	static
phy.c:726:27:get_phy_device_by_mask	56	static
phy.c:771:5:phy_reset	24	static
phy.c:822:5:miiphy_reset	8	static
phy.c:837:20:phy_find_by_mask	16	static
phy.c:852:6:phy_connect_dev	24	static
phy.c:869:20:phy_connect	24	static
phy.c:904:5:phy_startup	0	static
phy.c:912:12:board_phy_config	0	static
phy.c:919:5:phy_config	0	static
phy.c:925:5:phy_shutdown	8	static
phy.c:933:5:phy_get_interface_by_name	16	static
