dwc_eth_qos.c:344:13:eqos_flush_desc_generic	0	static
dwc_eth_qos.c:981:12:eqos_set_tx_clk_speed_stm32	0	static
dwc_eth_qos.c:1907:24:eqos_get_interface_stm32	8	static
dwc_eth_qos.c:832:14:eqos_get_tick_clk_rate_stm32	8	static
dwc_eth_qos.c:689:12:eqos_start_resets_stm32	16	static
dwc_eth_qos.c:745:12:eqos_stop_resets_stm32	8	static
dwc_eth_qos.c:1981:12:eqos_remove_resources_stm32	16	static
dwc_eth_qos.c:381:13:eqos_flush_buffer_generic	0	static
dwc_eth_qos.c:365:13:eqos_inval_buffer_generic	0	static
dwc_eth_qos.c:390:12:eqos_mdio_wait_idle.isra.1	16	static
dwc_eth_qos.c:441:12:eqos_mdio_write	24	static
dwc_eth_qos.c:397:12:eqos_mdio_read	24	static
dwc_eth_qos.c:871:12:eqos_disable_calibration_stm32	0	static
dwc_eth_qos.c:859:12:eqos_calibrate_pads_stm32	0	static
dwc_eth_qos.c:324:13:eqos_inval_desc_generic	0	static
dwc_eth_qos.c:1083:5:eqos_write_hwaddr	16	static
dwc_eth_qos.c:1139:5:eqos_init	24	static
dwc_eth_qos.c:1261:6:eqos_enable	24	static
dwc_eth_qos.c:1505:6:eqos_stop	16	static
dwc_eth_qos.c:1559:5:eqos_send	16	static
dwc_eth_qos.c:1601:5:eqos_recv	16	static
dwc_eth_qos.c:1626:5:eqos_free_pkt	32	static
dwc_eth_qos.c:1820:12:board_interface_eth_init	0	static
dwc_eth_qos.c:1826:12:eqos_probe_resources_stm32	104	static
dwc_eth_qos.c:2011:5:eqos_probe	16	static
