gmac_rockchip.c:1209:12:gmac_rockchip_eth_write_hwaddr	0	static
gmac_rockchip.c:1285:13:gmac_rockchip_eth_stop	0	static
gmac_rockchip.c:1218:12:gmac_rockchip_eth_free_pkt	0	static
gmac_rockchip.c:1238:12:gmac_rockchip_eth_recv	0	static
gmac_rockchip.c:1228:12:gmac_rockchip_eth_send	0	static
gmac_rockchip.c:1248:12:gmac_rockchip_eth_start	24	static
gmac_rockchip.c:985:13:rk3568_set_to_rgmii	8	static
gmac_rockchip.c:962:13:rk3568_set_to_rmii	8	static
gmac_rockchip.c:1054:13:rv1126_set_to_rgmii	8	static
gmac_rockchip.c:1037:13:rv1126_set_to_rmii	8	static
gmac_rockchip.c:505:12:rv1126_set_rgmii_speed	24	static
gmac_rockchip.c:104:12:gmac_rockchip_ofdata_to_platdata	96	static
gmac_rockchip.c:1122:12:gmac_rockchip_probe	32	static
gmac_rockchip.c:92:6:gmac_set_rgmii	24	static
