device.c:631:24:_device_find_global_by_of_offset	16	static
device.c:33:12:device_bind_common.isra.0	48	static
device.c:307:14:alloc_priv	16	static
device.c:270:5:device_bind_with_driver_data	24	static
device.c:279:5:device_bind	32	static
device.c:287:5:device_bind_by_name	40	static
device.c:351:5:device_probe	16	static
device.c:478:7:dev_get_platdata	0	static
device.c:488:7:dev_get_parent_platdata	0	static
device.c:498:7:dev_get_uclass_platdata	0	static
device.c:508:7:dev_get_priv	0	static
device.c:518:7:dev_get_uclass_priv	0	static
device.c:528:7:dev_get_parent_priv	0	static
device.c:553:5:device_get_child	16	static
device.c:565:5:device_find_child_by_seq	20	static
device.c:585:5:device_get_child_by_seq	24	static
device.c:603:5:device_find_child_by_of_offset	12	static
device.c:620:5:device_get_child_by_of_offset	24	static
device.c:648:5:device_get_global_by_of_offset	16	static
device.c:656:5:device_find_first_child	0	static
device.c:668:5:device_find_next_child	0	static
device.c:683:17:dev_get_parent	0	static
device.c:688:7:dev_get_driver_data	0	static
device.c:693:13:dev_get_driver_ops	0	static
device.c:701:16:device_get_uclass_id	0	static
device.c:706:13:dev_get_uclass_name	0	static
device.c:714:6:device_has_children	0	static
device.c:719:6:device_has_active_children	16	static
device.c:733:6:device_is_last_sibling	0	static
device.c:742:6:device_set_name_alloced	0	static
device.c:747:5:device_set_name	8	static
device.c:758:6:device_is_compatible	8	static
device.c:769:6:of_machine_is_compatible	8	static
