read.c:13:5:dev_read_u32_default	8	static
read.c:18:5:dev_read_s32_default	8	static
read.c:23:13:dev_read_string	8	static
read.c:28:6:dev_read_bool	8	static
read.c:33:8:dev_read_subnode	8	static
read.c:38:8:dev_read_first_subnode	8	static
read.c:43:8:dev_read_next_subnode	8	static
read.c:48:5:dev_read_size	8	static
read.c:53:12:dev_read_addr_index	8	static
read.c:61:12:dev_read_addr	0	static
read.c:66:7:dev_read_addr_ptr	8	static
read.c:73:12:dev_read_addr_size	8	static
read.c:79:13:dev_read_name	8	static
read.c:87:5:dev_read_stringlist_search	8	static
read.c:93:5:dev_read_string_index	8	static
read.c:99:5:dev_read_string_count	8	static
read.c:104:5:dev_read_phandle_with_args	16	static
read.c:114:5:dev_count_phandle_with_args	8	static
read.c:122:5:dev_read_addr_cells	8	static
read.c:127:5:dev_read_size_cells	8	static
read.c:132:5:dev_read_simple_addr_cells	8	static
read.c:137:5:dev_read_simple_size_cells	8	static
read.c:142:5:dev_read_phandle	0	static
read.c:152:13:dev_read_prop	8	static
read.c:157:5:dev_read_alias_seq	8	static
read.c:175:5:dev_read_u32_array	16	static
read.c:183:5:dev_write_u32_array	16	static
read.c:191:16:dev_read_u8_array_ptr	8	static
read.c:197:5:dev_read_enabled	8	static
read.c:208:5:dev_read_resource	8	static
read.c:213:5:dev_read_resource_byname	8	static
read.c:219:5:dev_translate_address	8	static
