bidram.c:25:12:bidram_has_init	8	static
bidram.c:240:12:bidram_core_reserve	56	static
bidram.c:35:6:bidram_dump	40	static
bidram.c:495:12:do_bidram_dump	8	static
bidram.c:120:6:bidram_gen_gd_bi_dram	32	static
bidram.c:193:5:bidram_fixup	8	static
bidram.c:203:5:bidram_append_size	12	static
bidram.c:222:18:bidram_reserved_is_overlap	16	static
bidram.c:340:5:bidram_reserve	8	static
bidram.c:353:5:bidram_reserve_by_name	8	static
bidram.c:483:19:board_bidram_parse_fn	0	static
bidram.c:489:12:board_bidram_reserve	0	static
bidram.c:372:13:bidram_get_ram_size	504	static
bidram.c:367:5:bidram_initr	8	static
