f_mass_storage.c:458:13:raise_exception	0	static
f_mass_storage.c:472:12:ep0_queue	8	static
f_mass_storage.c:491:13:bulk_in_complete	16	static
f_mass_storage.c:508:13:bulk_out_complete	16	static
f_mass_storage.c:2283:12:fsg_set_alt	8	static
f_mass_storage.c:2291:13:fsg_disable	0	static
f_mass_storage.c:531:12:fsg_setup	16	static
f_rockusb.c:149:13:__do_reset	0	static
f_mass_storage.c:2655:13:fsg_unbind	8	static
storage_common.c:660:13:store_cdrom_address	16	static
f_mass_storage.c:434:12:fsg_set_halt.isra.6	0	static
f_mass_storage.c:585:13:start_transfer.isra.8	16	static
f_mass_storage.c:1380:12:halt_bulk_in_endpoint.isra.13	8	static
f_rockusb.c:706:13:rkusb_fixup_cbwcb.isra.19	16	static
f_mass_storage.c:649:12:sleep_thread.isra.20	24	static
f_mass_storage.c:685:12:do_read	48	static
f_mass_storage.c:812:12:do_write	64	static
f_mass_storage.c:1599:12:send_status	24	static
f_mass_storage.c:1662:12:check_command.isra.24	48	static
f_mass_storage.c:1231:12:do_mode_sense.isra.29	40	static
f_mass_storage.c:2790:5:fsg_add	48	static
f_mass_storage.c:2188:12:do_set_interface	32	static
f_rockusb.c:76:5:g_dnl_bind_fixup	16	static
f_mass_storage.c:2408:5:fsg_main_thread	80	static
f_mass_storage.c:2619:1:usb_copy_descriptors	24	static
f_mass_storage.c:2670:12:fsg_bind	24	static
f_mass_storage.c:2808:5:fsg_init	0	static
