mtdcore.c:1037:12:mtd_check_oob_ops	48	static
mtdcore.c:1145:5:mtd_ooblayout_ecc	16	static
mtdcore.c:1177:5:mtd_ooblayout_free	16	static
mtdcore.c:1209:12:mtd_ooblayout_find_region	32	static
mtdcore.c:1278:12:mtd_ooblayout_get_bytes	56	static
mtdcore.c:1321:12:mtd_ooblayout_set_bytes	56	static
mtdcore.c:96:6:idr_remove	0	static
mtdcore.c:105:7:idr_find	0	static
mtdcore.c:113:7:idr_get_next	0	static
mtdcore.c:131:5:idr_alloc	8	static
mtdcore.c:157:18:__mtd_next_device	16	static
mtdcore.c:163:6:mtd_dev_list_updated	0	static
mtdcore.c:525:5:del_mtd_device	8	static
mtdcore.c:752:5:__get_mtd_device	8	static
mtdcore.c:717:18:get_mtd_device	8	static
mtdcore.c:780:18:get_mtd_device_nm	16	static
mtdcore.c:863:6:__put_mtd_device	8	static
mtdcore.c:854:6:put_mtd_device	0	static
mtdcore.c:882:5:mtd_erase	32	static
mtdcore.c:938:15:mtd_get_unmapped_area	28	static
mtdcore.c:949:5:mtd_read	96	static
mtdcore.c:986:5:mtd_write	80	static
mtdcore.c:1021:5:mtd_panic_write	28	static
mtdcore.c:1070:5:mtd_read_oob	40	static
mtdcore.c:1103:5:mtd_write_oob	40	static
mtdcore.c:1255:5:mtd_ooblayout_find_eccregion	16	static
mtdcore.c:1393:5:mtd_ooblayout_get_eccbytes	16	static
mtdcore.c:1413:5:mtd_ooblayout_set_eccbytes	16	static
mtdcore.c:1433:5:mtd_ooblayout_get_databytes	16	static
mtdcore.c:1453:5:mtd_ooblayout_set_databytes	16	static
mtdcore.c:1469:5:mtd_ooblayout_count_freebytes	24	static
mtdcore.c:1483:5:mtd_ooblayout_count_eccbytes	24	static
mtdcore.c:1494:5:mtd_get_fact_prot_info	8	static
mtdcore.c:1505:5:mtd_read_fact_prot_reg	12	static
mtdcore.c:1517:5:mtd_get_user_prot_info	8	static
mtdcore.c:1528:5:mtd_read_user_prot_reg	12	static
mtdcore.c:1540:5:mtd_write_user_prot_reg	32	static
mtdcore.c:1562:5:mtd_lock_user_prot_reg	4	static
mtdcore.c:1573:5:mtd_lock	24	static
mtdcore.c:1585:5:mtd_unlock	24	static
mtdcore.c:411:5:add_mtd_device	24	static
mtdcore.c:1597:5:mtd_is_locked	24	static
mtdcore.c:1609:5:mtd_block_isreserved	16	static
mtdcore.c:1619:5:mtd_block_isbad	16	static
mtdcore.c:1629:5:mtd_block_markbad	20	static
