core.c:192:12:dwc3_event_buffers_setup	16	static
core.c:217:13:dwc3_event_buffers_cleanup	16	static
core.c:322:13:dwc3_cache_hwparams	0	static
core.c:139:13:dwc3_free_event_buffers	16	static
core.c:39:13:dwc3_set_mode.isra.0	0	static
core.c:298:13:dwc3_free_scratch_buffers	0	static
core.c:451:12:dwc3_core_init	16	static
core.c:646:13:dwc3_core_exit_mode	8	static
core.c:597:12:dwc3_core_init_mode	8	static
core.c:159:12:dwc3_alloc_event_buffers.constprop	24	static
core.c:685:5:dwc3_uboot_init	24	static
core.c:833:6:dwc3_uboot_exit	8	static
core.c:859:6:dwc3_uboot_handle_interrupt	4	static
core.c:878:5:dwc3_setup_phy	48	static
core.c:942:5:dwc3_shutdown_phy	32	static
core.c:963:6:dwc3_of_parse	24	static
core.c:1034:5:dwc3_init	16	static
core.c:1076:6:dwc3_remove	8	static
