gadget.c:580:12:dwc3_gadget_ep0_enable	0	static
gadget.c:586:12:dwc3_gadget_ep0_disable	0	static
gadget.c:1261:12:dwc3_gadget_get_frame	0	static
gadget.c:1350:12:dwc3_gadget_set_selfpowered	0	static
gadget.c:1939:13:dwc3_suspend_gadget	0	static
gadget.c:672:28:dwc3_gadget_ep_alloc_request	8	static
gadget.c:1586:12:dwc3_gadget_init_hw_endpoints	40	static
gadget.c:688:13:dwc3_gadget_ep_free_request	0	static
gadget.c:1662:13:dwc3_gadget_free_endpoints	24	static
gadget.c:2054:13:dwc3_gadget_disconnect_interrupt	16	static
gadget.c:1417:12:dwc3_gadget_pullup	16	static
gadget.c:799:13:dwc3_prepare_trbs	40	static
gadget.c:41:5:dwc3_gadget_set_test_mode	0	static
gadget.c:72:5:dwc3_gadget_get_link_state	0	static
gadget.c:89:5:dwc3_gadget_set_link_state	24	static
gadget.c:1270:12:dwc3_gadget_wakeup	16	static
gadget.c:162:5:dwc3_gadget_resize_tx_fifos	24	static
gadget.c:225:6:dwc3_gadget_giveback	24	static
gadget.c:267:5:dwc3_send_gadget_generic_command	16	static
gadget.c:294:5:dwc3_send_gadget_ep_cmd	16	static
gadget.c:864:12:__dwc3_gadget_kick_transfer	48	static
gadget.c:1968:13:dwc3_stop_active_transfer.constprop	32	static
gadget.c:1073:12:dwc3_gadget_ep_queue	24	static
gadget.c:1811:13:dwc3_endpoint_transfer_complete	32	static
gadget.c:1109:12:dwc3_gadget_ep_dequeue	16	static
gadget.c:524:13:dwc3_remove_requests	16	static
gadget.c:2073:13:dwc3_gadget_reset_interrupt	48	static
gadget.c:466:12:__dwc3_gadget_ep_enable.constprop	48	static
gadget.c:593:12:dwc3_gadget_ep_enable	16	static
gadget.c:1154:5:__dwc3_gadget_ep_set_halt	40	static
gadget.c:554:12:__dwc3_gadget_ep_disable	16	static
gadget.c:1557:12:dwc3_gadget_stop	16	static
gadget.c:1456:12:dwc3_gadget_start	24	static
gadget.c:642:12:dwc3_gadget_ep_disable	24	static
gadget.c:1211:12:dwc3_gadget_ep_set_wedge	0	static
gadget.c:1196:12:dwc3_gadget_ep_set_halt	0	static
gadget.c:2573:5:dwc3_gadget_init	16	static
gadget.c:2655:6:dwc3_gadget_exit	8	static
gadget.c:2678:6:dwc3_gadget_uboot_handle_interrupt	48	static
