rockchip-io-domain.c:89:12:rockchip_ofdata_to_platdata	16	static
rockchip-io-domain.c:146:12:rockchip_iodomain_write	8	static
rockchip-io-domain.c:105:12:rk3568_pmu_iodomain_write	16	static
rockchip-io-domain.c:284:13:rk3399_pmu_iodomain_init	0	static
rockchip-io-domain.c:265:13:rk3368_iodomain_init	0	static
rockchip-io-domain.c:246:13:rk3366_iodomain_init	0	static
rockchip-io-domain.c:227:13:rk3328_iodomain_init	0	static
rockchip-io-domain.c:208:13:rk3308_iodomain_init	0	static
rockchip-io-domain.c:189:13:rk3288_iodomain_init	0	static
rockchip-io-domain.c:170:13:px30_iodomain_init	0	static
rockchip-io-domain.c:577:12:rockchip_iodomain_probe	80	static
