core.c:933:13:spinand_manufacturer_cleanup	0	static
core.c:1071:12:spinand_noecc_ooblayout_ecc	0	static
core.c:1077:12:spinand_noecc_ooblayout_free	0	static
core.c:62:12:spinand_write_reg_op	64	static
core.c:48:12:spinand_read_reg_op	64	static
core.c:228:12:spinand_load_page_op	64	static
core.c:941:1:spinand_select_op_variant	80	static
core.c:757:12:spinand_mtd_erase	0	static
core.c:776:12:spinand_mtd_block_isreserved	64	static
core.c:712:12:spinand_mtd_block_markbad	64	static
core.c:672:12:spinand_mtd_block_isbad	64	static
core.c:1214:12:spinand_bind	32	static
core.c:33:13:spinand_cache_op_adjust_colum.isra.0	8	static
core.c:238:12:spinand_read_from_cache_op	136	static
core.c:221:12:spinand_write_enable_op.isra.1	56	static
core.c:449:12:spinand_read_id_op	80	static
core.c:417:12:spinand_wait	32	static
core.c:534:12:spinand_write_page	144	static
core.c:118:5:spinand_upd_cfg	16	static
core.c:142:5:spinand_select_target	16	static
core.c:612:12:spinand_mtd_write	120	static
core.c:559:12:spinand_mtd_read	128	static
core.c:652:13:spinand_isbad	80	static
core.c:692:12:spinand_markbad	80	static
core.c:732:12:spinand_erase	72	static
core.c:798:1:spinand_find_supported_op	32	static
core.c:989:5:spinand_match_and_init	32	static
core.c:869:12:spinand_manufacturer_match	24	static
core.c:1229:12:spinand_probe	80	static
