spl.c:29:6:board_return_to_bootrom	0	static
spl.c:37:13:board_spl_was_booted_from	0	static
spl.c:55:5:spl_boot_device	0	static
spl.c:70:5:spl_boot_mode	0	static
spl.c:75:13:rockchip_stimer_init	0	static
spl.c:91:12:arch_cpu_init	0	static
spl.c:96:12:rk_board_init_f	0	static
spl.c:151:6:board_init_f	8	static
spl.c:206:5:board_fit_config_name_match	0	static
spl.c:215:5:board_init_f_boot_flags	8	static
spl.c:255:12:rk_spl_board_init	0	static
spl.c:283:6:spl_board_init	0	static
spl.c:302:6:spl_perform_fixups	0	static
spl.c:407:6:spl_hang_reset	8	static
spl.c:502:5:spl_board_prepare_for_jump	8	static
