regulator-uclass.c:421:12:regulator_pre_probe	16	static
regulator-uclass.c:395:12:regulator_post_bind	32	static
regulator-uclass.c:17:5:regulator_mode	8	static
regulator-uclass.c:31:5:regulator_get_value	8	static
regulator-uclass.c:304:13:regulator_show	32	static
regulator-uclass.c:41:5:regulator_set_value	24	static
regulator-uclass.c:77:5:regulator_set_suspend_value	16	static
regulator-uclass.c:87:5:regulator_get_suspend_value	8	static
regulator-uclass.c:101:5:regulator_set_value_force	16	static
regulator-uclass.c:111:5:regulator_get_current	8	static
regulator-uclass.c:121:5:regulator_set_current	16	static
regulator-uclass.c:138:5:regulator_get_enable	8	static
regulator-uclass.c:148:5:regulator_set_enable	16	static
regulator-uclass.c:158:5:regulator_set_suspend_enable	16	static
regulator-uclass.c:168:5:regulator_get_suspend_enable	8	static
regulator-uclass.c:178:5:regulator_set_ramp_delay	16	static
regulator-uclass.c:188:5:regulator_get_mode	8	static
regulator-uclass.c:198:5:regulator_set_mode	16	static
regulator-uclass.c:208:5:regulator_get_by_platname	24	static
regulator-uclass.c:235:5:regulator_get_by_devname	0	static
regulator-uclass.c:240:5:device_get_supply_regulator	0	static
regulator-uclass.c:261:5:regulator_autoset	24	static
regulator-uclass.c:330:5:regulator_autoset_by_name	16	static
regulator-uclass.c:346:5:regulator_list_autoset	40	static
regulator-uclass.c:476:5:regulators_enable_state_mem	24	static
regulator-uclass.c:501:5:regulators_enable_boot_on	24	static
