board.c:141:12:rockchip_set_serialno	592	static
board.c:56:12:rk_board_late_init	0	static
board.c:61:12:rk_board_fdt_fixup	0	static
board.c:66:12:soc_clk_dump	0	static
board.c:71:12:set_armclk_rate	0	static
board.c:76:12:rk_board_init	0	static
board.c:216:5:fb_set_reboot_flag	8	static
board.c:370:5:board_late_init	136	static
board.c:445:5:board_init	8	static
board.c:489:5:interrupt_debugger_init	0	static
board.c:498:5:board_fdt_fixup	8	static
board.c:527:5:board_initr_caches_fixup	64	static
board.c:544:6:arch_preboot_os	0	static
board.c:550:6:enable_caches	8	static
board.c:563:6:board_lmb_reserve	88	static
board.c:606:5:board_bidram_reserve	64	static
board.c:632:5:board_sysmem_reserve	8	static
board.c:644:12:board_bidram_parse_fn	0	static
board.c:650:5:board_init_f_boot_flags	8	static
board.c:787:5:bootm_board_start	8	static
board.c:819:5:bootm_image_populate_dtb	16	static
board.c:844:5:board_do_bootm	80	static
board.c:924:6:autoboot_command_fail_handle	0	static
board.c:977:6:board_quiesce_devices	8	static
