fit.c:38:12:fit_sig_require_conf.isra.1	24	static
fit.c:152:14:fit_get_blob.isra.3	24	static
fit.c:70:5:fit_default_conf_get_node	16	static
fit.c:101:12:fdt_image_get_offset_size	32	static
fit.c:140:12:fit_image_get_param	16	static
fit.c:81:5:fix_image_set_addr	16	static
fit.c:197:12:fit_image_fixup_alloc	48	static
fit.c:226:5:fit_image_pre_process	8	static
fit.c:247:5:fit_image_fail_process	24	static
fit.c:328:7:fit_image_get_bootables_size	48	static
fit.c:354:7:fit_image_load_bootables	144	static
fit.c:408:5:fit_image_init_resource	168	static
