resource_img.c:652:12:do_dump_resource	16	static
resource_img.c:106:12:board_resource_dtb_accepted	0	static
resource_img.c:135:12:add_file_to_list	24	static
resource_img.c:111:5:resource_image_check_header	8	static
resource_img.c:166:5:resource_replace_entry	32	static
resource_img.c:202:5:resource_create_ram_list	24	static
resource_img.c:426:5:resource_init_list	160	static
resource_img.c:453:30:get_file_info	24	static
resource_img.c:448:5:resource_is_empty	0	static
resource_img.c:479:5:rockchip_read_resource_file	32	static
resource_img.c:549:5:rockchip_read_resource_dtb	40	static
resource_img.c:578:5:resource_populate_dtb	32	static
resource_img.c:634:5:resource_traverse_init_list	8	static
